=== seed 7014 fold=on ===
population 1 x (600+600) = 1200 | 400 generations in 11.8 s = 29.5 ms per generation | 481200 individuals = 40736 per second | stopped by n_gen
FOLD	beats=20	rows=2000	rows_changed=902	genes=6000	subtrees=15184	flat=934	folded=934	nodes_saved=7474	secs=1.084	not_finite=0/unrepresentable=0/relevel_refused=0
GENERATIONS	400	n_gen	3.334e-6
HFF	0.029977	6.082e-5	3.334e-6	1.307e-2
R² on the unseen test rows: 0.999981
=== seed 7014 fold=off ===
population 1 x (600+600) = 1200 | 400 generations in 11.1 s = 27.7 ms per generation | 481200 individuals = 43500 per second | stopped by n_gen
GENERATIONS	400	n_gen	3.033e-6
HFF	0.029355	6.510e-6	3.033e-6	1.289e-2
R² on the unseen test rows: 0.999990
=== seed 7015 fold=on ===
population 1 x (600+600) = 1200 | 400 generations in 12.8 s = 31.9 ms per generation | 481200 individuals = 37699 per second | stopped by n_gen
FOLD	beats=20	rows=2000	rows_changed=554	genes=6000	subtrees=18378	flat=809	folded=809	nodes_saved=3926	secs=1.681	not_finite=0/unrepresentable=0/relevel_refused=0
GENERATIONS	400	n_gen	7.355e-7
HFF	0.025581	1.532e-5	7.355e-7	1.100e-2
R² on the unseen test rows: 0.999999
=== seed 7015 fold=off ===
population 1 x (600+600) = 1200 | 400 generations in 12.1 s = 30.3 ms per generation | 481200 individuals = 39697 per second | stopped by n_gen
GENERATIONS	400	n_gen	2.445e-6
HFF	0.025669	4.011e-6	2.445e-6	1.100e-2
R² on the unseen test rows: 0.999996
=== seed 7016 fold=on ===
population 1 x (600+600) = 1200 | 400 generations in 12.5 s = 31.2 ms per generation | 481200 individuals = 38601 per second | stopped by n_gen
FOLD	beats=20	rows=2000	rows_changed=601	genes=6000	subtrees=24194	flat=633	folded=633	nodes_saved=3014	secs=1.990	not_finite=0/unrepresentable=0/relevel_refused=0
GENERATIONS	400	n_gen	4.907e-5
HFF	0.035567	9.561e-5	4.907e-5	2.438e-2
R² on the unseen test rows: 0.999970
=== seed 7016 fold=off ===
population 1 x (600+600) = 1200 | 400 generations in 10.4 s = 26.0 ms per generation | 481200 individuals = 46261 per second | stopped by n_gen
GENERATIONS	400	n_gen	8.024e-7
HFF	0.034917	2.022e-6	8.024e-7	2.487e-2
R² on the unseen test rows: 1.000000
