=== seed 7014 fold=on ===
population 1 x (600+600) = 1200 | 400 generations in 13.0 s = 32.6 ms per generation | 481200 individuals = 36914 per second | stopped by n_gen
FOLD	beats=20	rows=2000	rows_changed=835	genes=6000	subtrees=23942	flat=949	folded=949	nodes_saved=4074	secs=1.752	not_finite=3/unrepresentable=0/passes_variation=1296/no_rnc_slot=0/no_landing=0/relevel_refused=0
GENERATIONS	400	n_gen	6.155e-7
HFF	0.029326	1.596e-6	6.155e-7	1.300e-2
R² on the unseen test rows: 0.999999
=== seed 7014 fold=off ===
population 1 x (600+600) = 1200 | 400 generations in 10.8 s = 27.0 ms per generation | 481200 individuals = 44500 per second | stopped by n_gen
GENERATIONS	400	n_gen	3.033e-6
HFF	0.029355	6.510e-6	3.033e-6	1.289e-2
R² on the unseen test rows: 0.999990
=== seed 7015 fold=on ===
population 1 x (600+600) = 1200 | 400 generations in 13.8 s = 34.6 ms per generation | 481200 individuals = 34773 per second | stopped by n_gen
FOLD	beats=20	rows=2000	rows_changed=445	genes=6000	subtrees=24124	flat=454	folded=454	nodes_saved=3475	secs=2.299	not_finite=7/unrepresentable=0/passes_variation=394/no_rnc_slot=0/no_landing=0/relevel_refused=0
GENERATIONS	400	n_gen	2.110e-6
HFF	0.025714	4.121e-5	2.110e-6	1.093e-2
R² on the unseen test rows: 0.999997
=== seed 7015 fold=off ===
population 1 x (600+600) = 1200 | 400 generations in 10.8 s = 26.9 ms per generation | 481200 individuals = 44678 per second | stopped by n_gen
GENERATIONS	400	n_gen	2.445e-6
HFF	0.025669	4.011e-6	2.445e-6	1.100e-2
R² on the unseen test rows: 0.999996
=== seed 7016 fold=on ===
population 1 x (600+600) = 1200 | 400 generations in 11.4 s = 28.4 ms per generation | 481200 individuals = 42297 per second | stopped by n_gen
FOLD	beats=20	rows=2000	rows_changed=510	genes=6000	subtrees=20217	flat=540	folded=538	nodes_saved=2932	secs=1.180	not_finite=0/unrepresentable=2/passes_variation=295/no_rnc_slot=0/no_landing=0/relevel_refused=0
GENERATIONS	400	n_gen	2.983e-5
HFF	0.036517	2.081e-4	2.983e-5	2.563e-2
R² on the unseen test rows: 0.999802
=== seed 7016 fold=off ===
population 1 x (600+600) = 1200 | 400 generations in 10.2 s = 25.5 ms per generation | 481200 individuals = 47268 per second | stopped by n_gen
GENERATIONS	400	n_gen	8.024e-7
HFF	0.034917	2.022e-6	8.024e-7	2.487e-2
R² on the unseen test rows: 1.000000
