=== seed 7014 fold=on ===
population 1 x (600+600) = 1200 | 400 generations in 11.2 s = 27.9 ms per generation | 481200 individuals = 43086 per second | stopped by n_gen
FOLD	beats=12	rows=1200	rows_changed=505	genes=3600	subtrees=12684	flat=586	folded=584	nodes_saved=2962	secs=0.936	not_finite=3/unrepresentable=2/passes_variation=644/no_rnc_slot=0/no_landing=0/relevel_refused=0
GENERATIONS	400	n_gen	2.060e-6
HFF	0.029773	2.747e-5	2.060e-6	1.305e-2
R² on the unseen test rows: 0.999988
=== seed 7014 fold=off ===
population 1 x (600+600) = 1200 | 400 generations in 10.4 s = 26.0 ms per generation | 481200 individuals = 46308 per second | stopped by n_gen
GENERATIONS	400	n_gen	3.033e-6
HFF	0.029355	6.510e-6	3.033e-6	1.289e-2
R² on the unseen test rows: 0.999990
=== seed 7015 fold=on ===
population 1 x (600+600) = 1200 | 400 generations in 12.2 s = 30.6 ms per generation | 481200 individuals = 39328 per second | stopped by n_gen
FOLD	beats=12	rows=1200	rows_changed=431	genes=3600	subtrees=13448	flat=488	folded=488	nodes_saved=2676	secs=1.083	not_finite=1/unrepresentable=0/passes_variation=78/no_rnc_slot=0/no_landing=0/relevel_refused=0
GENERATIONS	400	n_gen	1.110e-6
HFF	0.025493	4.206e-5	1.110e-6	1.090e-2
R² on the unseen test rows: 0.999999
=== seed 7015 fold=off ===
population 1 x (600+600) = 1200 | 400 generations in 10.7 s = 26.7 ms per generation | 481200 individuals = 45038 per second | stopped by n_gen
GENERATIONS	400	n_gen	2.445e-6
HFF	0.025669	4.011e-6	2.445e-6	1.100e-2
R² on the unseen test rows: 0.999996
=== seed 7016 fold=on ===
population 1 x (600+600) = 1200 | 400 generations in 11.1 s = 27.9 ms per generation | 481200 individuals = 43159 per second | stopped by n_gen
FOLD	beats=12	rows=1200	rows_changed=139	genes=3600	subtrees=14419	flat=164	folded=164	nodes_saved=599	secs=1.067	not_finite=0/unrepresentable=0/passes_variation=27/no_rnc_slot=0/no_landing=0/relevel_refused=0
GENERATIONS	400	n_gen	2.186e-7
HFF	0.036473	2.294e-7	2.186e-7	2.597e-2
R² on the unseen test rows: 1.000000
=== seed 7016 fold=off ===
population 1 x (600+600) = 1200 | 400 generations in 10.0 s = 25.0 ms per generation | 481200 individuals = 48187 per second | stopped by n_gen
GENERATIONS	400	n_gen	8.024e-7
HFF	0.034917	2.022e-6	8.024e-7	2.487e-2
R² on the unseen test rows: 1.000000
