tables: 108 rules usable of 108 admitted, 34 guard rows, 13 refused; loaded in 0.022 s
expressions 847 (parse errors 0); over 64 nodes: 0
weighted nodes  input 161552   egglog smallest_form 151022  (removes 10530)

arm                                              weighted   removes  <egglog  >egglog   ms/expr
beam8                                              151022     10530        0        0     0.030
greedy                                             151023     10529        0        1     0.020
beam8 exact-only (no class F)                      151333     10219        0       15     0.025
greedy device-subset (no computed literals)        151115     10437        0        4     0.020
greedy device-subset f32                           151115     10437        0        4     0.020

coverage of egglog's reduction: beam8 100.0%  greedy 100.0%  device-subset greedy 99.1%
variety: 1.63 distinct forms per expression (beam8, capped at 8)
f32 vs f64 device-subset greedy results differ on 0 expressions
soundness vs input on 24 probe rows (expressions whose value changes):
  all rules        : input finite 4, input non-finite 1
  exact-only rules : input finite 0, input non-finite 0
  DIVERGES [beam8] 1e0 vs NaN
     in  (ProtectedInv (ProtectedExp (Pow3 (Pow3 (Div (Var "col_1") (Var "col_2"))))))
     got (Inv (ProtectedExp (Pow3 (Pow3 (Div (Var "col_1") (Var "col_2"))))))
  DIVERGES [beam8] -8.414709848078965e-1 vs NaN
     in  (Sin (Neg (ProtectedInv (Abs (Exp (Sub (Cos (Sqrt (Var "x3"))) (Var "x0")))))))
     got (Neg (Sin (Inv (Exp (Sub (Cos (Sqrt (Var "x3"))) (Var "x0"))))))
  DIVERGES [beam8] 1.557407724654902e0 vs NaN
     in  (ProtectedDiv (Sub (ProtectedSqrt (Pow2 (Sub (Num -1.0) (Pow2 (Sub (Var "col_2") (Log (Inv (Inv (Pow3 (Sub (Var "col_2") (Num 1.0))))))))))) (Neg (Tan (Var "col_2")))) (Var "col_2"))
     got (ProtectedDiv (Add (Abs (Sub (Num -1.0) (Pow2 (Sub (Var "col_2") (Log (Inv (Inv (Pow3 (Sub (Var "col_2") (Num 1.0)))))))))) (Tan (Var "col_2"))) (Var "col_2"))
  DIVERGES [beam8] -9.16290731874155e-1 vs 9.999982629586508e5
     in  (Add (Log (Var "housing_median_age")) (Div (Pow2 (Sub (Cos (Sub (ProtectedExp (Add (ProtectedLog (ProtectedSqrt (Pow2 (Sub (Abs (Var "total_bedrooms")) (Var "latitude"))))) (Var "households"))) (ProtectedInv (Var "latitude")))) (Var "total_bedrooms"))) (Log (Exp (Var "longitude")))))
     got (Add (Log (Var "housing_median_age")) (Div (Pow2 (Sub (Cos (Sub (ProtectedExp (Add (ProtectedLog (Sub (Abs (Var "total_bedrooms")) (Var "latitude"))) (Var "households"))) (ProtectedInv (Var "latitude")))) (Var "total_bedrooms"))) (Var "longitude")))
greedy steps per expression: {0: 605, 1: 148, 2: 59, 3: 18, 4: 11, 5: 3, 7: 1, 8: 2}
rule hits (beam8, weighted), top 25:
       818  (rewrite (Abs x) x :when ((is-nonneg x)) :ruleset algebra)
       809  (rewrite (Sub (Neg a) b) (Neg (Add a b)) :ruleset sign)
       748  (rewrite (Sub a (Neg b)) (Add a b) :ruleset sign)
       539  (rewrite (ProtectedDiv (Neg a) b) (Neg (ProtectedDiv a b)) :ruleset sign)
       529  (rewrite (Sqrt (Pow2 x)) (Abs x) :ruleset algebra)
       450  (rewrite (Inv (Neg x)) (Neg (Inv x)) :ruleset sign)
       420  (rewrite (Div a (Neg b)) (Neg (Div a b)) :ruleset sign)
       360  (rewrite (ProtectedInv x) (Inv x) :when ((is-nonzero x)) :ruleset rational)
       330  (rewrite (Neg (Sub a b)) (Sub b a) :ruleset sign)
       328  (rewrite (Abs (Neg x)) (Abs x) :ruleset sign)
       315  (rewrite (Tanh (Neg x)) (Neg (Tanh x)) :ruleset sign)
       270  (rewrite (Sin (Neg x)) (Neg (Sin x)) :ruleset sign)
       270  (rewrite (Cos (Abs x)) (Cos x) :ruleset sign)
       252  (rewrite (Add a (Neg b)) (Sub a b) :ruleset sign)
       246  (rewrite (Abs x) x :when ((is-positive x)) :ruleset algebra)
       242  (rewrite (ProtectedSqrt (Pow2 x)) (Abs x) :ruleset algebra)
       240  (rewrite (Div (Neg a) b) (Neg (Div a b)) :ruleset sign)
       240  (rewrite (Pow2 (Neg x)) (Pow2 x) :ruleset sign)
       240  (rewrite (Mul (Num -1.0) x) (Neg x) :ruleset algebra)
       237  (rewrite (ProtectedLog (Abs x)) (ProtectedLog x) :ruleset sign)
       222  (rewrite (Sub x (Num 0.0)) x :ruleset algebra)
       213  (rewrite (Neg (Neg x)) x :ruleset algebra)
       196  (rewrite (Tan (Neg x)) (Neg (Tan x)) :ruleset sign)
       190  (rewrite (Mul x x) (Pow2 x) :ruleset algebra)
       180  (rewrite (ProtectedSqrt (Neg x)) (ProtectedSqrt x) :ruleset sign)
rules that never fired: 44
largest leaks against egglog (weighted extra nodes), top 12:
