   Compiling hff v0.1.0 (/Users/andrewmorgan/Dev/gamakon/hff)
   Compiling fuller v0.1.0 (/Users/andrewmorgan/Dev/gamakon/fuller)
    Finished `release` profile [optimized] target(s) in 3.18s
     Running `target/release/examples/profile_candidates logs/hof_exprs.tsv 256`
expressions ok=847 err=0 rows=256 k=8
candidates returned      1321
rewrite+extract (no rows)     0.609 s
with rows                     1.068 s
data share                    0.459 s  (43.0% of with-rows)
per expression                1.261 ms
slowest 10 (with rows s / no rows s):
    0.020 /   0.016  (Var "oz4")
    0.007 /   0.001  (Sub (Neg (ProtectedDiv (Pow2 (Sub (Sub (Var "col_0") (Mul (Sin (Sub (ProtectedExp (Protec
    0.005 /   0.001  (Mul (Var "col_2") (ProtectedInv (Pow2 (Add (Mul (Var "col_0") (ProtectedDiv (Var "col_1")
    0.005 /   0.001  (Sin (Add (Var "wind_speed") (ProtectedInv (ProtectedDiv (ProtectedExp (Var "cars_per_hour
    0.005 /   0.001  (Add (ProtectedSqrt (Mul (Var "In1") (ProtectedExp (Cos (Pow2 (Sub (Var "In1") (Div (Var "
    0.005 /   0.001  (Add (ProtectedSqrt (Mul (Var "In1") (ProtectedExp (Cos (Pow2 (Sub (Var "In1") (Div (Var "
    0.005 /   0.001  (Mul (Sin (Log (Abs (Sub (Pow2 (Sub (Pow2 (Var "year")) (Mul (ProtectedLog (Mul (Pow2 (Pow
    0.005 /   0.001  (Log (Pow2 (Sub (Pow (Cos (Add (Add (Pow3 (ProtectedInv (Sub (Var "oz47") (Mul (Exp (Pow3 
    0.004 /   0.001  (Div (Div (Sqrt (Div (Exp (ProtectedDiv (Pow3 (Var "Party")) (ProtectedLog (Var "Bills")))
    0.004 /   0.001  (Mul (Mul (Var "e") (Pow2 (Mul (Mul (Var "g") (Add (ProtectedDiv (Cos (Sin (Var "c"))) (Pr
