######## 13-problem sweep, HFF_GPU=1 10:02:58
wall=16s
  13/13 exact (100%)   13/13 numerical
  exact, by how it was won: rule:power_law 6, rule:coulomb_form 2, rule:harmonic 1, rule:euclidean_distance 1, rule:lorentz_factor 1, rule:kinetic_energy 1, rule:pairwise_xy_product 1

  problem          rel err      t  expression
  ----------- --- -------- ------  ----------------------------------------------
  I_11_19     OK         0     3s  x1*y1 + x2*y2 + x3*y3
  I_12_1      OK         0     4s  Nn*mu
  I_12_2      OK         0     4s  q1*q2/(4*pi*epsilon*r**2)
  I_12_4      OK         0     4s  q1/(4*pi*epsilon*r**2)
  I_12_5      OK         0     3s  Ef*q2
  I_13_4      OK         0     4s  m*(u**2 + v**2 + w**2)/2
  I_14_3      OK         0     4s  g*m*z
  I_14_4      OK         0     3s  k_spring*x**2/2
  I_15_3x     OK         0     4s  (-t*u + x)/sqrt(1 - u**2/c**2)
  I_18_4      OK         0     4s  (m1*r1 + m2*r2)/(m1 + m2)
  I_25_13     OK         0     3s  q/C
  I_29_4      OK         0     3s  omega/c
  I_8_14      OK         0     4s  sqrt((x1 - x2)**2 + (y1 - y2)**2)

  OK = truth recovered exactly   ~ = fits numerically, wrong form   X = neither
warning/error lines: 0
######## seed 5 10:03:14
wall=233s

sr_logs/almost_s5
  0/7 exact (0%)   0/7 numerical

  problem          rel err      t  expression
  ----------- --- -------- ------  ----------------------------------------------
  III_4_33    X      3e+01    99s  3*pi**(1/4)*T*kb/4 + 3*pi**(1/4)*sin(cos(sq...
  II_11_28    X      1e+00    87s  0.132866753941921 - 2.12281686696047*log(Ab...
  II_38_14    X      3e-01   170s  0.312703582113494*sqrt(Abs(7*Y**(3/2)/(3*si...
  I_13_12     X      8e+01   123s  3.26888333333333*m1*m2*(1/r2 - 1/r1) + 0.14...
  I_15_3t     X      3e+01    72s  1.04311413100094*t + 0.521557065500471*u*ex...
  I_48_2      X      1e+00   114s  12.5262284826679*c*m - 24.943387854*m - 41....
  test_12     X      2e+04   109s  1.00012755444579*Volt*d*q/y**2 - 0.01231122...

  OK = truth recovered exactly   ~ = fits numerically, wrong form   X = neither
warning/error lines: 0
######## seed 11 10:07:07
wall=209s

sr_logs/almost_s11
  0/7 exact (0%)   0/7 numerical

  problem          rel err      t  expression
  ----------- --- -------- ------  ----------------------------------------------
  III_4_33    X      7e+00    96s  0.995610551664085*T*kb + 1.99122110332817*l...
  II_11_28    X      8e-02    89s  0.983783187157016*log(exp(exp(alpha*n)) + e...
  II_38_14    X      2e+00   101s  0.0752129601965913*Y + 0.150425920393183*Y/...
  I_13_12     X      8e+01    73s  3.26888333333333*m1*m2*(1/r2 - 1/r1) + 0.14...
  I_15_3t     X      3e+01   102s  1.0439795499179*t - 0.0266690054442144*x - ...
  I_48_2      X      7e-01    81s  0.996639758543104*c**2*m + 0.99663975854310...
  test_12     X      2e+04   112s  1.00012755444579*Volt*d*q/y**2 - 0.01231122...

  OK = truth recovered exactly   ~ = fits numerically, wrong form   X = neither
warning/error lines: 0
######## seed 23 10:10:36
wall=176s

sr_logs/almost_s23
  0/7 exact (0%)   0/7 numerical

  problem          rel err      t  expression
  ----------- --- -------- ------  ----------------------------------------------
  III_4_33    X      8e+01    67s  2.94743344569265*T + 2.94743344569265*kb - ...
  II_11_28    X      2e-01    91s  0.334918425708581*alpha*n + 0.6698368514171...
  II_38_14    X      4e-01    90s  0.536390993571396*log(Y/3 + 2*exp(Y*exp(-si...
  I_13_12     X      8e+01    79s  3.26888333333333*m1*m2*(1/r2 - 1/r1) + 0.14...
  I_15_3t     X      3e+01    76s  1.04385237355566*t - 0.478994935171588 + 0....
  I_48_2      X      7e-01    96s  1.00113042532294*c**2*m + 2.10098461314226*...
  test_12     X      2e+04    84s  1.00012755444579*Volt*d*q/y**2 - 0.01231122...

  OK = truth recovered exactly   ~ = fits numerically, wrong form   X = neither
warning/error lines: 0
######## ALL DONE
