=== HEAD ===
d675797c555e3fe71fe2eb6b566c42518fa464c6
=== RUSTFLAGS=-D warnings cargo test --features gpu ===
    Blocking waiting for file lock on package cache
    Blocking waiting for file lock on package cache
    Blocking waiting for file lock on package cache
   Compiling proc-macro2 v1.0.106
   Compiling quote v1.0.45
   Compiling unicode-ident v1.0.24
   Compiling libc v0.2.186
   Compiling autocfg v1.5.1
   Compiling cfg-if v1.0.4
   Compiling libm v0.2.16
   Compiling serde_core v1.0.229
   Compiling equivalent v1.0.2
   Compiling allocator-api2 v0.2.21
   Compiling foldhash v0.2.0
   Compiling memchr v2.8.0
   Compiling bitflags v2.13.2
   Compiling crossbeam-utils v0.8.21
   Compiling zerocopy v0.8.48
   Compiling log v0.4.30
   Compiling either v1.16.0
   Compiling rustversion v1.0.22
   Compiling strsim v0.11.1
   Compiling smallvec v1.15.1
   Compiling parking_lot_core v0.9.12
   Compiling itoa v1.0.18
   Compiling heck v0.5.0
   Compiling hashbrown v0.17.1
   Compiling scopeguard v1.2.0
   Compiling num-traits v0.2.19
   Compiling lock_api v0.4.14
   Compiling thiserror v2.0.18
   Compiling once_cell v1.21.4
   Compiling syn v1.0.109
   Compiling unicode-segmentation v1.13.3
   Compiling getrandom v0.3.4
   Compiling paste v1.0.15
   Compiling rayon-core v1.13.0
   Compiling utf8parse v0.2.2
   Compiling rustix v1.1.4
   Compiling cfg_aliases v0.1.1
   Compiling serde v1.0.229
   Compiling syn v3.0.6
   Compiling syn v2.0.117
   Compiling indexmap v2.14.0
   Compiling hashbrown v0.16.1
   Compiling crossbeam-epoch v0.9.18
   Compiling anstyle-parse v1.0.0
   Compiling crossbeam-deque v0.8.6
   Compiling ryu v1.0.23
   Compiling zmij v1.0.21
   Compiling ident_case v1.0.1
   Compiling is_terminal_polyfill v1.70.2
   Compiling anstyle-query v1.1.5
   Compiling anstyle v1.0.14
   Compiling colorchoice v1.0.5
   Compiling typenum v1.20.0
   Compiling anstream v1.0.0
   Compiling ucd-trie v0.1.7
   Compiling static_assertions v1.1.0
   Compiling serde_json v1.0.151
   Compiling pest v2.8.6
   Compiling castaway v0.2.4
   Compiling errno v0.3.14
   Compiling getrandom v0.2.17
   Compiling rand_core v0.6.4
   Compiling darling_core v0.24.1
   Compiling parking_lot v0.12.5
   Compiling num-integer v0.1.46
   Compiling num-complex v0.4.6
   Compiling num-bigint v0.4.6
   Compiling matrixmultiply v0.3.10
   Compiling rand_core v0.9.5
   Compiling itertools v0.14.0
   Compiling thiserror-impl v2.0.18
   Compiling strum_macros v0.28.0
   Compiling clap_lex v1.1.0
   Compiling litrs v1.0.0
   Compiling getrandom v0.4.2
   Compiling serde_derive v1.0.229
   Compiling bytemuck_derive v1.12.1
   Compiling num-rational v0.4.2
   Compiling rayon v1.12.0
   Compiling find-msvc-tools v0.1.9
   Compiling ppv-lite86 v0.2.21
   Compiling unicode-width v0.2.2
   Compiling core-foundation-sys v0.8.7
   Compiling shlex v1.3.0
   Compiling rand_chacha v0.9.0
   Compiling signal-hook v0.3.18
   Compiling thiserror v1.0.69
   Compiling dot-structures v0.1.2
   Compiling bytemuck v1.25.0
   Compiling rand v0.9.4
   Compiling strum v0.28.0
   Compiling darling_macro v0.24.1
   Compiling core-foundation v0.9.4
   Compiling darling v0.24.1
   Compiling cc v1.2.62
   Compiling unicode-truncate v2.0.1
   Compiling rand_chacha v0.3.1
   Compiling document-features v0.2.12
   Compiling egglog-numeric-id v2.0.0
   Compiling foreign-types-macros v0.2.4
   Compiling clap_builder v4.6.0
   Compiling thiserror-impl v1.0.69
   Compiling clap_derive v4.6.1
   Compiling compact_str v0.9.1
   Compiling pest_meta v2.8.6
   Compiling signal-hook-registry v1.4.8
   Compiling malloc_buf v0.0.6
   Compiling arc-swap v1.9.1
   Compiling crossbeam-channel v0.5.15
   Compiling crossbeam-queue v0.3.12
   Compiling lru v0.18.5
   Compiling convert_case v0.10.0
   Compiling aho-corasick v1.1.4
   Compiling critical-section v1.2.0
   Compiling foreign-types-shared v0.3.1
   Compiling bit-vec v0.6.3
   Compiling bitflags v1.3.2
   Compiling rawpointer v0.2.1
   Compiling regex-syntax v0.8.10
   Compiling foldhash v0.1.5
   Compiling termcolor v1.4.1
   Compiling unicode-width v0.1.14
   Compiling indoc v2.0.7
   Compiling anyhow v1.0.102
   Compiling codespan-reporting v0.11.1
   Compiling hashbrown v0.15.5
   Compiling kasuari v0.4.12
   Compiling regex-automata v0.4.14
   Compiling bit-set v0.5.3
   Compiling core-graphics-types v0.1.3
   Compiling foreign-types v0.5.0
   Compiling derive_more-impl v2.1.1
   Compiling clap v4.6.1
   Compiling pest_generator v2.8.6
   Compiling crossbeam v0.8.4
   Compiling egglog-concurrency v2.0.0
   Compiling safe_arch v0.7.4
   Compiling objc v0.2.7
   Compiling wide v0.7.33
   Compiling libmimalloc-sys v0.1.49
   Compiling rand v0.8.6
   Compiling dot-generator v0.2.0
   Compiling into-attr v0.1.1
   Compiling num-iter v0.1.45
   Compiling approx v0.5.1
   Compiling num_threads v0.1.7
   Compiling mio v1.2.3
   Compiling wgpu-hal v0.21.1
   Compiling web-time v1.1.0
   Compiling fixedbitset v0.5.7
   Compiling ratatui-core v0.1.2
   Compiling fastrand v2.4.1
   Compiling powerfmt v0.2.0
   Compiling unicode-xid v0.2.6
   Compiling block v0.1.6
   Compiling arrayvec v0.7.8
   Compiling rustc-hash v2.1.2
   Compiling num-conv v0.2.2
   Compiling hexf-parse v0.2.1
   Compiling version_check v0.9.5
   Compiling hashbrown v0.14.5
   Compiling deranged v0.5.8
   Compiling rustc-hash v1.1.0
   Compiling time-core v0.1.9
   Compiling im-rc v15.1.0
   Compiling simba v0.6.0
   Compiling regex v1.12.3
   Compiling signal-hook-mio v0.2.5
   Compiling rand_distr v0.4.3
   Compiling dashmap v6.2.1
   Compiling instability v0.3.14
   Compiling petgraph v0.8.3
   Compiling time v0.3.55
   Compiling num v0.4.3
   Compiling into-attr-derive v0.2.1
   Compiling tempfile v3.27.0
   Compiling pest_derive v2.8.6
   Compiling derive_more v2.1.1
   Compiling egglog-union-find v2.0.0
   Compiling nalgebra-macros v0.1.0
   Compiling bitmaps v2.1.0
   Compiling wgpu-core v0.21.1
   Compiling line-clipping v0.3.8
   Compiling wgpu-types v0.20.0
   Compiling libloading v0.8.9
   Compiling raw-window-handle v0.6.2
   Compiling dyn-clone v1.0.20
   Compiling bumpalo v3.20.3
   Compiling profiling v1.0.18
   Compiling sized-chunks v0.6.5
   Compiling graphviz-rust v0.9.8
   Compiling env_filter v1.0.1
   Compiling chrono v0.4.44
   Compiling rand_xoshiro v0.6.0
   Compiling ordered-float v5.3.0
   Compiling wgpu v0.20.1
   Compiling csv-core v0.1.13
   Compiling jiff v0.2.25
   Compiling lazy_static v1.5.0
   Compiling csv v1.4.0
   Compiling egglog-ast v2.0.0
   Compiling egglog v2.0.0 (/Users/andrewmorgan/Dev/gamakon/fuller-gate-wt/vendor-egglog)
   Compiling metal v0.28.0
   Compiling ndarray v0.15.6
   Compiling egglog-add-primitive v2.0.0
   Compiling egglog-reports v2.0.0
   Compiling egglog-core-relations v2.0.0
   Compiling naga v0.20.0
   Compiling pollster v0.3.0
   Compiling env_logger v0.11.10
   Compiling ratatui-widgets v0.3.2
   Compiling egglog-bridge v2.0.0
   Compiling crossterm v0.29.0
   Compiling nalgebra v0.29.0
   Compiling mimalloc v0.1.52
   Compiling ratatui-macros v0.7.2
   Compiling ratatui-crossterm v0.1.2
   Compiling ratatui v0.30.2
   Compiling egraph-serialize v0.3.0
   Compiling statrs v0.16.1
   Compiling hff v0.1.0 (/Users/andrewmorgan/Dev/gamakon/hff)
   Compiling fuller v0.1.0 (/Users/andrewmorgan/Dev/gamakon/fuller-gate-wt)
    Finished `test` profile [unoptimized + debuginfo] target(s) in 34.56s
     Running unittests src/lib.rs (target/debug/deps/fuller-2d7022da7daba26a)

running 530 tests
test bf::eval::tests::bf_ptr_wraps_on_overflow ... ok
test bf::eval::tests::bf_simple_increment ... ok
test bf::eval::tests::bf_cancel_plus_minus ... ok
test bf::eval::tests::bf_cancel_move_left_right ... ok
test bf::eval::tests::bf_echo_program ... ok
test bf::eval::tests::bf_inc_program ... ok
test bf::eval::tests::bf_output_cell_value ... ok
test bf::eval::tests::bf_ptr_wraps_on_underflow ... ok
test bf::eval::tests::bf_clear_loop ... ok
test bf::extract::size_gate_tests::bf_simplify_huge_program_returns_unchanged ... ok
test bf::parse::tests::bf_moven_neg_sexpr_roundtrips ... ok
test bf::parse::tests::bf_clear_sexpr_roundtrips ... ok
test bf::parse::tests::bf_deep_nesting_errs_instead_of_overflowing ... ok
test bf::parse::tests::bf_addn_sexpr_roundtrips ... ok
test bf::parse::tests::bf_nested_loops_roundtrip ... ok
test bf::parse::tests::bf_parse_sequence ... ok
test bf::parse::tests::bf_parse_loop ... ok
test bf::parse::tests::bf_parse_single_ops ... ok
test bf::parse::tests::bf_roundtrip_empty ... ok
test bf::parse::tests::bf_roundtrip ... ok
test bf::parse::tests::bf_unmatched_close_bracket_error ... ok
test bf::parse::tests::bf_unmatched_open_bracket_error ... ok
test bf::parse::tests::bf_unparse_malformed_errs ... ok
test bf::eval::tests::bf_step_limit_terminates ... ok
test bf::parse::tests::bf_long_loop_body_roundtrips ... ok
test bf::expr::tests::bf_datatype_loads ... ok
test bf::expr::tests::bf_sample_program_parses ... ok
test bf::extract::tests::bf_simplify_chain_cancels ... ok
test bf::extract::tests::bf_simplify_preserves_echo ... ok
test bf::ruleset::tests::bf_cancellation_inc_dec ... ok
test bf::ruleset::tests::bf_cancellation_right_left ... ok
test bf::extract::tests::bf_simplify_cancels_move ... ok
test calibration::tests::at_least_twenty_cases ... ok
test bf::extract::tests::bf_simplify_no_crash_on_complex ... ok
test bf::extract::tests::bf_simplify_cancels_inc_dec ... ok
test bf::ruleset::tests::bf_cancellation_dec_inc ... ok
test chrom_score::tests::extrapolation_split_is_optional ... ok
test chrom_score::tests::a_wrap_that_does_not_hold_on_every_row_is_not_a_candidate ... ok
test chrom_score::tests::chromosomes_index_shared_genes ... ok
test bf::ruleset::tests::bf_cancellation_left_right ... ok
test chrom_score::tests::malformed_input_is_an_error_not_a_guess ... ok
test chrom_score::tests::f32_rounding_noise_is_a_constant ... ok
test chrom_score::tests::rounded_linker_rounds_half_to_even ... ok
test chrom_score::tests::rejected_candidates_are_nan ... ok
test chrom_score::tests::the_gene_linker_combinations_are_every_non_empty_subset ... ok
test chrom_score::tests::validation_rows_never_influence_the_regression ... ok
test chrom_score::tests::wrappers_are_total_on_finite_input ... ok
test chrom_score::tests::wrappers_share_one_linked_vector ... ok
test bf::ruleset::tests::bf_ruleset_loads ... ok
test chrom_score::tests::a_gene_subset_scores_as_the_chromosome_of_its_used_genes ... ok
test chrom_score::tests::linear_scaling_recovers_exact_affine_target ... ok
test chrom_score::tests::linkers_match_their_definitions ... ok
test chrom_score::tests::several_linkers_share_one_set_of_predictions ... ok
test chrom_score::tests::the_functional_wraps_are_their_shapes_and_are_not_finite_on_their_poles ... ok
test bf::ruleset::tests::bf_addn_collapse ... ok
test chrom_score::tests::signature_identifies_the_function_not_the_writing ... ok
test bf::extract::tests::bf_simplify_clear_loop ... ok
test bf::ruleset::tests::bf_clear_loop_recognized ... ok
test evolve::checkpoint::tests::a_resume_under_different_settings_is_refused ... ok
test bf::parse::tests::bf_long_straight_line_roundtrips ... ok
test bf::ruleset::tests::bf_plus_loop_recognized_as_clear ... ok
test eval::tests::unbound_var_errors ... ok
test eval::tests::pow_zero_to_negative_is_nan_like_div0 ... ok
test eval::tests::arithmetic_matches_hand_computed ... ok
test eval::tests::transcendental_values ... ok
test eval::tests::out_of_domain_is_nan_not_protected ... ok
test eval::tests::protected_div_threshold_is_part_of_the_function ... ok
test eval::tests::protected_ops_match_engine_semantics ... ok
test evolve::checkpoint::tests::a_saved_checkpoint_reads_back_as_what_was_written ... ok
test eval::tests::protected_ops_on_non_finite_input_match_the_engine ... ok
test bf::ruleset::tests::bf_ruleset_soundness_broad ... ok
test evolve::checkpoint::tests::a_torn_slot_falls_back_to_the_one_before_it ... ok
test evolve::engine::tests::a_compound_expands_into_ordinary_nodes_and_computes_what_it_says ... ok
test evolve::engine::tests::a_fit_reports_the_beat_that_gained_the_most ... ok
test evolve::engine::tests::a_divisor_the_data_never_finds_tiny_is_a_plain_division_and_a_mixed_one_is_spelled_out ... ok
test evolve::engine::tests::a_divisor_the_data_always_finds_tiny_is_zero ... ok
test evolve::engine::tests::a_factor_on_both_sides_of_the_line_cancels_where_the_data_says_it_is_never_zero ... ok
test calibration::tests::calibration_round_trips_all_cases ... ok
test evolve::engine::tests::a_difference_of_logs_is_merged_however_the_chromosome_wrote_it ... ok
test evolve::engine::tests::a_gene_without_a_compound_decodes_exactly_as_it_always_did ... ok
test evolve::engine::tests::a_lane_table_shorter_than_the_pairs_is_refused ... ok
test evolve::checkpoint::tests::the_oldest_slot_is_the_one_overwritten ... ok
test evolve::engine::tests::a_literal_that_rounds_to_zero_is_a_form_that_dies ... ok
test eval::tests::inverse_trig_is_real_domain_and_the_protected_forms_clamp ... ok
test evolve::engine::tests::a_long_folded_subtree_is_cut_to_characters_and_never_panics ... ok
test evolve::device::tests::refilling_some_rows_touches_only_those_rows ... ok
test evolve::engine::tests::a_lane_gives_its_own_pair_its_own_rates ... ok
test evolve::engine::tests::a_population_with_compounds_keeps_the_rules_and_decodes ... ok
test evolve::engine::tests::a_law_that_is_a_sum_of_two_genes_picks_the_pair ... ok
test evolve::engine::tests::a_root_of_a_square_is_the_absolute_value ... ok
test evolve::engine::tests::a_root_whose_argument_is_always_finite_is_a_plain_root ... ok
test evolve::engine::tests::a_functional_wrap_reaches_a_law_no_tree_mutation_can ... ok
test evolve::device::tests::the_device_population_is_the_cpu_reference_bit_for_bit ... ok
test evolve::engine::tests::a_promoted_row_takes_its_cohort_into_the_champion_island ... ok
test evolve::engine::tests::a_subtree_that_barely_moves_is_folded_to_its_value ... ok
test evolve::engine::tests::a_subtree_that_carries_the_fit_is_never_dropped ... ok
test evolve::engine::tests::a_chromosome_whose_one_gene_is_the_law_uses_that_gene_alone ... ok
test evolve::engine::tests::a_subtree_the_data_cannot_see_is_dropped_and_stays_dropped ... ok
test evolve::engine::tests::a_fit_reports_the_final_populations_ages_and_how_many_lines_its_best_rows_come_from ... ok
test evolve::engine::tests::a_default_beat_is_the_wraps_alone_and_the_tree_half_is_a_knob ... ok
test evolve::engine::tests::a_stream_without_a_progress_beat_is_refused ... ok
test evolve::engine::tests::a_wrap_inside_the_linker_reaches_a_law_with_a_prefactor ... ok
test evolve::engine::tests::an_abs_whose_argument_keeps_one_sign_is_resolved_on_the_data ... ok
test evolve::engine::tests::an_inverse_trig_whose_argument_stays_in_the_domain_is_the_raw_function ... ok
test evolve::engine::tests::a_wrap_is_grafted_into_the_gene_the_model_actually_uses ... ok
test evolve::engine::tests::data_guided_rewrites_fold_dead_terms_and_principal_range_inverses ... ok
test evolve::engine::tests::a_wrap_with_a_pole_on_the_data_is_refused_and_counted ... ok
test evolve::engine::tests::four_genes_with_the_subset_choice_on_is_an_error ... ok
test evolve::engine::tests::one_pair_without_a_cross_step_is_the_engine_as_it_was ... ok
test evolve::engine::tests::a_survivor_is_only_counted_after_breeding_and_a_cut ... ok
test evolve::engine::tests::t_depth_counts_nested_transcendentals_and_nothing_else ... ok
test evolve::engine::tests::pairs_tile_the_population_and_every_island_keeps_its_own_tournament ... ok
test evolve::engine::tests::a_stopped_fit_equals_an_uninterrupted_one ... ok
test evolve::engine::tests::the_balanced_pole_is_hffs_own_and_ranks_differently_from_truenorth ... ok
test evolve::engine::tests::lanes_of_the_engines_own_rules_are_the_engine_it_was ... ok
test evolve::engine::tests::the_backreference_grafts_the_wrap_whose_argument_appears_twice ... ok
test evolve::engine::tests::the_beam_wraps_are_the_edge_cases_and_every_one_has_a_spelling ... ok
test evolve::engine::tests::the_age_rules_hold_over_a_real_fit ... ok
test evolve::engine::tests::the_beam_leaves_a_law_alone ... ok
test evolve::engine::tests::the_beam_finds_the_law_one_subtree_under_a_near_miss ... ok
test evolve::engine::tests::the_champion_island_is_an_open_fight_and_the_promotion_is_a_copy ... ok
test evolve::engine::tests::the_cohort_labels_are_re_read_only_when_the_pump_has_moved_them ... ok
test evolve::engine::tests::the_elders_merge_and_the_young_stay_apart ... ok
test evolve::engine::tests::the_cross_step_draws_its_own_new_individuals ... ok
test evolve::engine::tests::the_cross_step_truncates_what_does_not_fit ... ok
test evolve::engine::tests::the_cross_step_sends_each_intake_the_other_pairs_champions ... ok
test evolve::engine::tests::the_final_form_prefers_a_surviving_spelling_over_a_smaller_dying_one ... ok
test evolve::engine::tests::the_final_form_keeps_a_term_the_data_can_see ... ok
test evolve::engine::tests::the_final_form_reports_the_subtrees_it_folded ... ok
test evolve::engine::tests::a_fold_is_generated_even_when_it_moves_the_prediction ... ok
test evolve::engine::tests::the_hff_columns_are_the_blocks_asked_for ... ok
test evolve::engine::tests::an_inverse_trig_whose_clamp_always_fires_is_its_constant ... ok
test evolve::engine::tests::the_log_scale_separates_small_errors_the_square_cannot ... ok
test evolve::engine::tests::the_p_value_is_hffs_own_and_shrinks_with_the_angle_and_the_dimension ... ok
test evolve::engine::tests::the_promotion_is_a_share_of_the_champion_island ... ok
test evolve::engine::tests::a_phase_shift_by_a_quarter_turn_is_the_other_function ... ok
test evolve::engine::tests::a_root_of_a_sum_over_a_difference_is_the_family_written_in_the_ratio ... ok
test evolve::engine::tests::a_tangent_of_an_arcsine_is_the_quotient_by_the_root_where_the_data_stays_in_the_domain ... ok
test evolve::engine::tests::the_final_form_prunes_a_term_the_data_cannot_see ... ok
test evolve::engine::tests::the_final_form_uses_what_the_data_says_about_signs ... ok
test evolve::engine::tests::the_reported_form_still_computes_what_the_model_computes ... ok
test evolve::engine::tests::a_difference_of_logs_is_one_log_of_a_quotient_with_the_sign_inside ... ok
test evolve::engine::tests::the_tower_penalty_leaves_a_free_zone_up_to_depth_two ... ok
test evolve::engine::tests::the_wide_table_samples_tan_and_protected_inverse_trig ... ok
test evolve::engine::tests::a_log_of_an_exp_factor_is_its_exponent_plus_the_log_of_the_rest ... ok
Context leak detected, CoreAnalytics returned false
test evolve::engine::tests::the_pump_works_inside_each_pair_and_nowhere_else ... ok
test evolve::engine::tests::the_promotion_shares_its_budget_between_all_living_cohorts ... ok
test evolve::genealogy::tests::a_cross_arrival_is_a_clone_of_another_pairs_champion_and_keeps_its_age ... ok
test evolve::genealogy::tests::a_new_population_is_thirty_founders_each_its_own_line ... ok
test evolve::genealogy::tests::a_snap_write_back_keeps_the_individual_and_records_the_event ... ok
test evolve::genealogy::tests::an_elite_keeps_its_id_and_ages_by_one_and_an_offspring_is_a_new_id_at_its_parents_age_plus_one ... ok
test evolve::genealogy::tests::an_offspring_records_the_row_it_was_mated_with_as_its_other_ancestor ... ok
test evolve::genealogy::tests::every_row_of_a_generation_holds_a_different_id ... ok
test evolve::genealogy::tests::the_age_distribution_and_the_founder_count_read_the_population ... ok
test evolve::genealogy::tests::the_pumps_refill_is_age_zero_and_its_promotion_carries_the_line ... ok
test evolve::genealogy::tests::the_walk_ends_at_a_founder_whose_origin_is_an_arrival ... ok
test evolve::hff_gpu::tests::the_balanced_angle_is_not_the_truenorth_angle ... ok
test evolve::hff_gpu::tests::the_device_angle_matches_the_host_angle ... ok
test evolve::hff_gpu::tests::the_device_log_scale_matches_the_host ... ok
test evolve::hff_gpu::tests::the_dispatched_kernel_agrees_with_the_host_candidate_walk ... ok
test evolve::engine::tests::the_stream_the_engine_writes_holds_every_invariant ... ok
test evolve::engine::tests::what_the_beam_scores_is_what_the_graft_computes ... ok
test evolve::score::tests::f32_floor_of_a_true_law ... ignored, reads the dataset named by SCORE_FLOOR_TSV
test evolve::engine::tests::the_float_zone_tiles_holds_an_append_and_is_cut_by_the_pump ... ok
test evolve::engine::tests::the_log_names_every_mechanism_that_put_a_row_into_the_population ... ok
test evolve::score::tests::device_scores_agree_with_the_f64_scorer ... ok
test evolve::smogd::tests::no_row_is_in_two_cells_and_big_cells_are_split ... ok
test evolve::smogd::tests::it_is_deterministic_in_the_seed ... ok
test evolve::smogd::tests::rows_keep_their_distance_and_stay_near_their_neighbours ... ok
test evolve::smogd::tests::the_weights_are_inverse_distance_over_the_k_nearest ... ok
test evolve::smogd::tests::the_noise_multiplier_widens_the_draws_and_moves_nothing_else ... ok
test evolve::device::tests::a_growing_virtual_head_matches_the_cpu_reference_bit_for_bit ... ok
test evolve::smote::tests::a_row_lies_on_the_segment_between_its_parents ... ok
test evolve::telemetry::tests::a_discovery_carries_its_before_and_after_and_adds_only_optional_fields ... ok
test evolve::telemetry::tests::a_malformed_line_is_counted_not_fatal ... ok
test evolve::telemetry::tests::a_read_that_splits_a_character_loses_nothing ... ok
test evolve::smote::tests::it_is_deterministic_in_the_seed_and_safe_on_tiny_data ... ok
test evolve::telemetry::tests::a_recording_with_discoveries_in_it_still_only_goes_forwards ... ok
test evolve::telemetry::tests::a_resumed_stream_starts_its_clock_where_the_fit_stopped ... ok
test evolve::telemetry::tests::the_briefs_own_example_record_parses ... ok
test evolve::telemetry::tests::every_snapshot_of_the_fixture_is_coherent ... ok
test evolve::telemetry::tests::the_fixture_parses_and_the_bad_lines_are_only_counted ... ok
test evolve::smote::tests::neighbours_are_near_in_scaled_inputs_whatever_the_units ... ok
test evolve::telemetry::tests::the_sequence_and_the_generations_only_go_forwards ... ok
test evolve::telemetry::tests::the_timestamp_is_rfc_3339_utc ... ok
test evolve::telemetry::tests::undefined_metrics_are_null_and_never_a_dash ... ok
test evolve::telemetry::tests::the_tailer_buffers_a_partial_line_and_notices_a_rotation ... ok
test evolve::tests::bad_symbol_lists_are_refused ... ok
test evolve::tests::mix64_matches_the_workspace_pinned_vectors ... ok
test evolve::tests::the_same_seed_is_the_same_population_and_another_seed_is_not ... ok
test evolve::umap2d::tests::bad_input_is_an_error ... ok
test evolve::tests::draws_cover_their_range_evenly ... ok
test evolve::device::tests::twenty_generations_of_variation_match_the_cpu_reference_bit_for_bit ... ok
test evolve::tests::a_new_population_keeps_the_rules_and_never_draws_a_withheld_terminal ... ok
test evolve::umap2d::tests::knn_on_a_line_by_hand ... ok
test evolve::umap2d::tests::few_rows_and_duplicate_rows_embed ... ok
test evolve::engine::tests::the_streams_clock_survives_a_resume ... ok
test evolve::engine::tests::the_telemetry_changes_no_bit_of_the_population ... ok
test evolve::vary::tests::a_neighbourhood_of_nothing_is_an_error ... ok
test evolve::score::tests::the_compensated_sum_is_alive_on_the_device ... ok
test evolve::vary::tests::cleanse_keeps_each_surviving_constant_on_its_own_value ... ok
test evolve::vary::tests::cleanse_unwraps_a_function_layer ... ok
test evolve::vary::tests::cleanse_is_the_tree_edit_it_claims_to_be_on_random_genes ... ok
test evolve::engine::tests::the_genealogy_changes_no_bit_of_the_population ... ok
test evolve::vary::tests::islands_that_do_not_tile_the_population_are_refused ... ok
test evolve::engine::tests::the_same_seed_is_the_same_genealogy ... ok
test evolve::vary::tests::a_mask_collapses_several_nodes_where_one_at_a_time_cannot ... ok
test evolve::vary::tests::the_neighbourhood_honours_its_width ... ok
test evolve::vary::tests::the_neighbourhood_is_distinct_valid_and_reproducible ... ok
test evolve::vary::tests::the_neighbourhood_leaves_the_unused_genes_alone ... ok
test evolve::vary::tests::every_promotion_of_every_function_node_is_in_the_neighbourhood ... ok
test evolve::vary::tests::selection_prefers_the_fit_and_stays_inside_its_island ... ok
test evolve::watch::tests::a_discovery_lands_in_its_own_panel_and_never_floods_the_events ... ok
test evolve::watch::tests::a_finding_repeated_across_rows_is_one_line_and_a_count ... ok
test evolve::watch::tests::a_malformed_line_does_not_corrupt_the_frame ... ok
test evolve::vary::tests::elites_pass_unchanged_with_their_fitness_and_offspring_are_unevaluated ... ok
test evolve::watch::tests::a_selection_that_leaves_the_table_is_not_reassigned ... ok
test evolve::watch::tests::a_second_run_start_begins_a_new_run ... ok
test evolve::watch::tests::an_extinct_row_lingers_and_then_stops_crowding_the_table ... ok
test evolve::watch::tests::an_undefined_metric_is_a_dash_and_never_a_zero ... ok
test evolve::watch::tests::a_stream_with_no_island_metrics_fabricates_none ... ok
test evolve::watch::tests::finished_stale_and_live_are_three_different_things ... ok
test evolve::watch::tests::gain_is_signed_and_a_new_cohort_is_a_word ... ok
test evolve::watch::tests::focusing_an_island_shows_its_own_split_and_g_restores_the_totals ... ok
test evolve::watch::tests::on_the_mockups_run_gain_lifts_c100_above_the_better_c0 ... ok
test evolve::watch::tests::sorting_by_gain_lifts_an_improving_cohort_above_a_better_one ... ok
test evolve::watch::tests::the_discoveries_panel_is_bounded_and_keeps_the_newest ... ok
test evolve::watch::tests::the_fixture_replays_into_a_frame ... ok
test evolve::watch::tests::the_gain_window_is_the_measured_gap_between_snapshots ... ok
test evolve::watch::tests::the_gene_line_is_truncated_rather_than_wrapped ... ok
test evolve::watch::tests::the_gene_line_is_a_readable_function_with_rounded_literals ... ok
test evolve::watch::tests::the_mockups_run_replays_the_cohort_progression_the_brief_describes ... ok
test evolve::watch::tests::the_pulse_is_three_meters_and_a_quiet_window_is_a_dash ... ok
test evolve::watch::tests::the_sparkline_is_log_space_and_lower_hff_is_taller ... ok
test evolve::watch::tests::the_selection_survives_a_reorder_and_a_new_snapshot ... ok
test evolve::write_back::tests::a_constant_subtree_near_pi_is_written_back_as_pi ... ok
test evolve::write_back::tests::a_named_constant_decodes_to_its_value_and_prints_its_exact_f64 ... ok
test evolve::engine::tests::a_snap_write_back_is_the_same_individual_in_the_log ... ok
test evolve::write_back::tests::every_abort_leaves_the_gene_and_its_constants_bit_identical ... ok
test evolve::vary::tests::the_same_seed_is_the_same_generation ... ok
test evolve::engine::tests::with_the_beam_off_the_engine_is_the_engine_it_was ... ok
test evolve::write_back::tests::snap_is_off_by_default_and_the_symbol_table_is_then_the_one_it_was ... ok
test evolve::write_back::tests::the_substitution_log_is_a_ring_and_says_what_it_dropped ... ok
test evolve::write_back::tests::the_guard_judges_the_model_not_the_lone_gene ... ok
test extract::additive_subset_tests::a_single_term_expression_yields_nothing ... ok
test extract::additive_subset_tests::does_not_split_inside_a_product ... ok
test extract::additive_subset_tests::offers_the_single_term_before_the_pair ... ok
test expr::tests::datatype_loads_and_accepts_terms ... ok
test evolve::write_back::tests::a_grafted_template_computes_its_entrys_value_in_gene_symbols ... ok
test extract::additive_subset_tests::smallest_form_does_not_assume_what_it_was_not_told ... ok
test extract::additive_subset_tests::smallest_form_never_grows_and_terminates ... ok
test extract::additive_subset_tests::smallest_form_folds_constants_but_never_an_input ... ok
test extract::additive_subset_tests::splits_a_signed_chain ... ok
test extract::additive_subset_tests::smallest_form_needs_no_data ... ok
test extract::tests::bare_constant_symbol_stays_symbolic ... ok
test evolve::engine::tests::a_fit_with_the_beam_on_counts_its_beats_and_stays_deterministic ... ok
test extract::tests::data_aware_prune_drops_the_first_term_of_a_sub ... ok
test extract::tests::data_aware_prune_keeps_a_real_first_term_of_a_sub ... ok
test extract::tests::clean_expr_is_returned_unchanged ... ok
test extract::tests::data_aware_prune_drops_near_unit_factor ... ok
test evolve::umap2d::tests::separated_blobs_stay_separated ... ok
test extract::tests::data_aware_prune_keeps_real_factor ... ok
test extract::tests::does_not_strip_a_constant_that_matters ... ok
test extract::tests::instrumented_components_measure_behaviour ... ok
test extract::tests::folds_transcendental_constant_subtree ... ok
test evolve::umap2d::tests::same_seed_is_bit_identical_and_another_seed_differs ... ok
test extract::tests::folds_and_strips_cancelling_linker_offset ... ok
test extract::tests::hff_extract_ranks_class_by_angle ... ok
test geneframe::tests::kingdom_query_isolates ... ok
test geneframe::tests::max_arity_is_two_for_sr ... ok
test extract::tests::sqrt_pow2_collapses_to_abs ... ok
test geneframe::tests::sr_kingdom_has_all_math_ops ... ok
test geneframe::tests::typed_arity_round_trips ... ok
test geneframe::tests::sr_kingdom_locksteps_with_master_pset ... ok
test extract::tests::instrumented_tournament_ranks_and_picks_clean_form ... ok
test gpu_eval::device_tests::matches_cpu_on_a_simple_expression ... ok
test gpu_eval::device_tests::many_expressions_one_dispatch ... ok
test gpu_eval::opcode_source_of_truth_tests::every_opcode_exists_in_the_cpu_evaluator ... ok
test gpu_eval::opcode_source_of_truth_tests::no_opcode_is_invented ... ok
test gpu_eval::device_tests::oversized_expressions_come_back_nan_not_truncated ... ok
test gpu_eval::protected_parity_tests::inverse_trig_on_non_finite_input ... ok
test gpu_eval::protected_parity_tests::protected_div_by_zero_is_zero ... ok
test extract::tests::structural_noise_shrinks_and_preserves ... ok
test gpu_eval::protected_parity_tests::protected_inv_of_zero_is_one ... ok
test evolve::score::tests::device_scores_equal_the_f32_twin ... ok
test gpu_eval::protected_parity_tests::protected_exp_is_uncapped ... ok
test gpu_eval::protected_parity_tests::protected_log_of_zero_is_pos_inf ... ok
test gpu_eval::protected_parity_tests::protected_ops_on_non_finite_input_match_the_engine ... ok
Context leak detected, CoreAnalytics returned false
test gpu_eval::protected_parity_tests::protected_sqrt_takes_abs_not_nan ... ok
test gpu_eval::real_expression_tests::converter_emits_breadth_first_so_children_follow_parents ... ok
test gpu_eval::protected_parity_tests::trig_beyond_f32_phase_resolution_is_refused ... ok
test gpu_eval::protected_parity_tests::trig_of_infinity_poisons_the_expression ... ok
test gpu_eval::real_expression_tests::unknown_constructor_is_an_error ... ok
test gpu_eval::real_expression_tests::unknown_variable_is_an_error_not_column_zero ... ok
test gpu_eval::protected_parity_tests::inverse_trig_matches_the_cpu_inside_and_outside_the_domain ... ok
test gpu_eval::tests::arities_match_the_math_datatype ... ok
test gpu_eval::tests::batch_tracks_offsets_and_flags_oversized ... ok
test gpu_eval::tests::node_is_sixteen_bytes ... ok
test gpu_eval::tests::opcodes_cover_the_math_alphabet ... ok
test gpu_eval::tests::wgsl_switch_covers_every_opcode ... ok
test gpu_eval::protected_parity_tests::raw_ops_stay_raw ... ok
test gpu_eval::undecodable_batch_tests::rnc_placeholder_is_rejected_not_guessed ... ok
test karva::tests::dead_head_tokens_are_ignored ... ok
test karva::tests::decodes_binary_tree ... ok
test karva::tests::decodes_nested_with_tail_children ... ok
test karva::tests::deep_gene_errs_instead_of_overflowing ... ok
test karva::tests::deep_sexpr_parse_errs_instead_of_overflowing ... ok
test karva::tests::inverse_handles_denoised_abs ... ok
test karva::tests::inverse_is_deterministic_in_seed ... ok
test karva::tests::inverse_obeys_gep_tail_rule ... ok
test karva::tests::inverse_round_trips_through_math ... ok
test karva::tests::master_pset_entries_all_encode ... ok
test gpu_eval::undecodable_batch_tests::all_undecodable_batch_returns_nan_not_a_panic ... ok
test karva::tests::nonfinite_num_leaf_errs ... ok
test karva::tests::numeric_literal_leaf ... ok
test karva::tests::semantic_id_not_geppy_name ... ok
test karva::tests::single_terminal_head ... ok
test karva::tests::target_head_length_extends_short_head_preserving_semantics ... ok
test karva::tests::target_head_length_none_is_unchanged ... ok
test karva::tests::tan_and_inverse_trig_round_trip_by_semantic_id ... ok
test karva::tests::target_head_length_refuses_oversized ... ok
test karva::tests::unknown_var_in_term_errs_on_encode ... ok
test gpu_eval::undecodable_batch_tests::batch_larger_than_one_dispatch_dimension ... ok
test extract::tests::positive_vars_sheds_abs_of_pow ... ok
test lint::device::tests::wgsl_arity_matches_the_opcodes ... ok
test lint::device::tests::wgsl_constants_match_the_host ... ok
test evolve::engine::tests::three_pairs_with_the_cross_step_find_a_simple_law ... ok
test lint::flat::tests::a_tree_survives_the_round_trip_through_level_order ... ok
test extract::additive_subset_tests::smallest_form_reaches_other_families_over_several_passes ... ok
test evolve::umap2d::tests::curved_sheet_keeps_its_neighbourhoods ... ok
test lint::node::tests::infix_text_needs_no_algebra_system ... ok
test lint::node::tests::inverse_trig_evaluates_like_the_crate_evaluator ... ok
test lint::node::tests::inverse_trig_round_trips_and_prints ... ok
test lint::node::tests::m_neg_drops_where_sum_of_depths_rises ... ok
test lint::node::tests::negative_zero_is_a_different_tree ... ok
test lint::node::tests::positions_are_level_order ... ok
test lint::node::tests::round_trips_through_math_text ... ok
test gpu_eval::real_expression_tests::gpu_matches_cpu_on_real_math_expressions ... ok
test evolve::write_back::tests::named_constants_are_withheld_terminals_appended_after_every_symbol ... ok
test lint::device::tests::rule_words_and_buckets_line_up ... ok
test lint::reader::tests::an_unknown_form_is_a_load_error_not_a_skip ... ok
test lint::reader::tests::computed_literals_nest ... ok
test lint::reader::tests::derived_structural_relations_are_refused_with_a_reason ... ok
test lint::reader::tests::guard_propagation_and_implication_and_literal_seed ... ok
test lint::reader::tests::guard_seed_with_two_conclusions ... ok
test lint::reader::tests::nonlinear_pattern_repeats_the_index ... ok
test lint::reader::tests::plain_rewrite ... ok
test lint::reader::tests::union_rule_with_two_predicates ... ok
test lint::reader::tests::when_facts_attach_to_metavariables ... ok
test lint::sexp::tests::every_shipped_ruleset_parses ... ok
test lint::sexp::tests::reads_forms_comments_and_strings ... ok
test lint::sexp::tests::unbalanced_input_is_an_error ... ok
test lint::device::tests::encode_then_decode_is_the_identity_in_f64 ... ok
test lint::flat::tests::a_rewrite_leaves_a_canonical_k_expression ... ok
test lint::snap_graft::tests::a_coefficient_becomes_its_constant_form ... ok
test lint::device::tests::device_agrees_with_the_cpu_engine ... ok
test lint::snap_graft::tests::a_graft_past_the_slot_is_skipped_and_counted ... ok
test lint::snap_graft::tests::a_literal_is_matched_in_its_context ... ok
test lint::snap_graft::tests::a_negative_literal_grafts_the_form_under_a_neg ... ok
test lint::flat::tests::agrees_with_the_tree_engine ... ok
test lint::snap_graft::tests::every_output_is_a_k_expression_and_two_runs_are_identical ... ok
test lint::flat::tests::dropped_subtrees_do_not_survive ... ok
test lint::snap_graft::tests::nothing_to_snap_comes_back_identical ... ok
test lint::snap_graft::tests::wgsl_constants_match_the_host ... ok
test lint::snap_graft::tests::two_atoms_give_two_singles_and_the_pair ... ok
test lint::snap_guard::tests::a_column_named_like_a_constant_stays_a_column ... ok
test lint::snap_guard::tests::a_snap_that_keeps_r2_is_kept ... ok
test lint::snap_guard::tests::a_snap_that_moves_r2_is_dropped_and_the_original_stands ... ok
test lint::snap_guard::tests::a_variant_that_leaves_its_domain_is_not_finite ... ok
test lint::pack::tests::a_nonlinear_pattern_repeats_the_metavariable_index ... ok
test lint::pack::tests::every_admitted_rule_is_packed_or_excluded_with_a_reason ... ok
test lint::snap_guard::tests::nothing_to_snap_and_nothing_to_score ... ok
test lint::snap_guard::tests::of_two_acceptable_variants_the_smaller_wins ... ok
test lint::snap_guard::tests::wgsl_constants_match_the_host ... ok
test lint::snap_table::tests::a_zero_entry_uses_the_absolute_rule_and_has_no_sign ... ok
test lint::pack::tests::literal_classes_and_predicates_are_integers_for_the_kernel ... ok
test lint::snap_table::tests::device_handles_zero_and_negated_entries ... ok
test lint::snap_graft::tests::device::device_grafts_a_negated_entry ... ok
test lint::snap_graft::tests::device::device_agrees_with_the_f32_reference ... ok
test lint::snap_table::tests::duplicates_negatives_and_the_f32_range_are_handled ... ok
test bf::extract::tests::bf_soundness_500_random ... ok
test lint::snap_table::tests::device_reads_the_affinity_table ... ok
test lint::snap_table::tests::every_template_fits_and_evaluates_to_its_entry ... ok
test lint::snap_table::tests::far_from_everything_and_not_a_number_are_none ... ok
test lint::snap_table::tests::families_are_what_the_entry_is ... ok
test lint::snap_table::tests::the_affinity_table_is_data_and_hff_trades_nearness_for_shortness ... ok
test lint::snap_table::tests::known_constants_match ... ok
test lint::snap_guard::tests::device::the_guard_wants_one_device ... ok
test lint::snap_table::tests::the_context_decides_between_a_rational_and_a_pi_form ... ok
test lint::snap_table::tests::device_agrees_with_the_f32_twin ... ok
test gpu_eval::real_expression_tests::gpu_matches_cpu_on_tan_and_inverse_trig ... ok
test lint::snap_table::tests::the_table_is_strictly_ascending_and_its_counts_are_these ... ok
test lint::snap_table::tests::ties_keep_the_lower_entry_and_relative_error_decides ... ok
test lint::snap_table::tests::the_tolerance_band_has_a_hard_edge ... ok
test lint::snap_table::tests::wgsl_constants_match_the_host ... ok
test lint::tables::tests::op_names_lockstep_with_from_math ... ok
test lint::snap_guard::tests::device::device_guard_agrees_with_the_f32_twin ... ok
test lint::snap_table::tests::two_builds_and_two_searches_are_identical ... ok
test lint::snap_table::tests::f32_and_f64_part_ways_only_on_an_edge ... ok
test lint::tests::an_evolved_constant_near_a_whole_number_is_a_candidate ... ok
test evolve::score::tests::the_gene_subset_choice_on_the_device ... ok
test lint::snap_table::tests::the_energy_order_is_the_order_of_hffs_angles ... ok
test lint::snap_table::tests::the_band_never_reaches_past_its_bound ... ok
test lint::snap_guard::tests::device::device_guard_in_two_dimensional_dispatches ... ok
test lint::tests::a_root_of_collected_squares_sheds_root_and_abs ... ok
test lint::tests::a_literal_a_few_ulps_from_an_integer_is_that_integer ... ok
test lint::tests::abs_over_a_negative_literal_needs_a_caller_fact ... ok
test lint::tests::census ... ok
test parity::tests::does_not_prove_a_false_equality ... ok
test parity::tests::proves_a_known_algebra_equality ... ok
test parity::tests::scale_const_needs_nonzero_assumption ... ok
test physics::tests::a1_axis_promotion_present ... ok
test physics::tests::a2_square_is_speculative ... ok
test physics::tests::a3_extends_euclidean_sum_of_squares ... ok
test physics::tests::a4_inverse_distance_from_sum_of_squares ... ok
test physics::tests::c1_does_not_clobber_compound_sibling ... ok
test physics::tests::c1_symmetrises_mass_product ... ok
test physics::tests::c2_abs_wraps_difference ... ok
test physics::tests::c4_additive_inverse_fold_reshape ... ok
test parity::tests::scores_a_small_corpus ... ok
test physics::tests::d1_reduced_mass_template ... ok
test physics::tests::e2_e3_e6_modulate_whole_expression ... ok
test physics::tests::generates_many_from_one_gene ... ok
test physics::tests::cap_limits_returned_count_not_generation ... ok
test physics::tests::tr10_angle_sum_sin_and_cos ... ok
test physics::tests::tr11_double_angle_sin_and_cos ... ok
test physics::tests::generation_is_bounded_well_under_cap ... ok
test physics::tests::tr5_pythagorean_squared_trig ... ok
test ruleset::collect::tests::egglog_loads_the_ruleset ... ok
test lint::tests::exp_of_protected_log_needs_a_caller_fact ... ok
test ruleset::distribute::tests::distributes_sum_on_left ... ok
test ruleset::distribute::tests::distribution_is_sound ... ok
test ruleset::distribute::tests::distributes_and_folds_coefficients ... ok
test ruleset::distribute::tests::does_not_prove_a_false_equality ... ok
test ruleset::distribute::tests::previously_divergent_pair_is_bounded ... ok
test ruleset::distribute::tests::folds_numeric_arithmetic ... ok
test ruleset::distribute::tests::pow2_sqrt_requires_positivity ... ok
test ruleset::identities::tests::abs_of_pow_sheds_when_base_positive ... ok
test ruleset::identities::tests::abs_sheds_only_under_positivity ... ok
test ruleset::identities::tests::combined_noise_collapses ... ok
test ruleset::identities::tests::cancellation_and_folds ... ok
test ruleset::identities::tests::guard_propagation_derives_exp_nonzero ... ok
test ruleset::identities::tests::guard_propagation_derives_literal_nonzero ... ok
test lint::tests::separate_roots_merge_into_one ... ok
test ruleset::identities::tests::abs_sheds_on_derived_nonneg ... ok
test ruleset::identities::tests::protected_sqrt_of_square_collapses ... ok
test ruleset::identities::tests::raw_div_cancellation_is_guarded ... ok
test ruleset::identities::tests::raw_div_cancels_when_nonzero_known ... ok
test ruleset::identities::tests::protected_ops_are_inert ... ok
test ruleset::identities::tests::square_and_tiny_divisor ... ok
test ruleset::powers::tests::log_exp_guarded_fires_with_positivity ... ok
test ruleset::powers::tests::log_guarded_does_not_fire_without_positivity ... ok
test ruleset::powers::tests::log_exp_unguarded_sound ... ok
test ruleset::identities::tests::each_rule_fires ... ok
test ruleset::powers::tests::pow_basics ... ok
test ruleset::rational::tests::binomial_with_distribute_is_bounded ... ok
test ruleset::rational::tests::does_not_prove_false_equality ... ok
test ruleset::rational::tests::expands_binomial_square ... ok
test ruleset::rational::tests::inv_canonicalisation ... ok
test ruleset::rational::tests::a_scale_gathers_a_literal_nested_one_product_deeper ... ok
test ruleset::rational::tests::a_scale_gathers_a_literal_across_a_division ... ok
test ruleset::rational::tests::normalises_negative_pow ... ok
test lint::tests::the_square_of_a_root_is_the_absolute_value ... ok
test ruleset::rational::tests::protected_inv_lifts_only_when_nonzero ... ok
test ruleset::rational::tests::split_literals_fold ... ok
test ruleset::sign::tests::protected_inv_of_neg_is_inert ... ok
test ruleset::sign::tests::float_outs_reach_an_absorber ... ok
test ruleset::rational::tests::reciprocal_spellings_merge_raw_only ... ok
test ruleset::sympy_mined::tests::exp_of_coeff_log_guarded ... ok
test ruleset::sympy_mined::tests::log_div_does_not_fire_unguarded ... ok
test ruleset::sympy_mined::tests::abs_identities ... ok
test ruleset::sympy_mined::tests::log_div_guarded ... ok
test ruleset::sympy_mined::tests::pow_of_pow_guarded ... ok
test ruleset::sympy_mined::tests::sqrt_of_product_guarded ... ok
test ruleset::trig::tests::asin_of_sin_is_not_the_argument ... ok
test ruleset::trig::tests::constant_folding ... ok
test ruleset::trig::tests::does_not_prove_falsehood ... ok
test ruleset::trig::tests::cos_tan_is_sin ... ok
test lint::tests::is_deterministic ... ok
test ruleset::trig::tests::product_to_sum_sound ... ok
test ruleset::trig::tests::pythagorean_identities_hold_and_are_sound ... ok
test ruleset::sign::tests::absorbers_fire ... ok
test ruleset::trig_fu::tests::does_not_prove_falsehood ... ok
test ruleset::trig_fu::tests::tr10i_contract_reverse_direction ... ok
test ruleset::trig_fu::tests::tr10_angle_addition ... ok
test ruleset::trig_fu::tests::tr2_tan_is_sin_over_cos ... ok
test ruleset::trig_fu::tests::tr11_double_angle ... ok
test ruleset::trig_fu::tests::tr9_sum_to_product_reverse_direction ... ok
test ruleset::trig_fu::tests::tr8_product_to_sum ... ok
test ruleset::wide::tests::wide_proves_associativity_bounded ... ok
test score::tests::angle_is_finite_and_deterministic ... ok
test score::tests::cleaner_term_has_lower_angle_than_junk ... ok
test score::tests::dimension_varies_per_term ... ok
test score::tests::no_transc_means_those_rules_dont_fire ... ok
test score::tests::node_count_rule_always_fires ... ok
test score::tests::op_diversity_and_var_reuse_fire ... ok
test score::tests::parses_nested_expr ... ok
test score::tests::transc_rules_fire_only_when_present ... ok
test snap::tests::closest_constant_wins ... ok
test snap::tests::does_not_snap_outside_tolerance ... ok
test snap::tests::leaves_genuine_fitted_constant_alone ... ok
test snap::tests::snaps_half ... ok
test snap::tests::snaps_negative_constant ... ok
test snap::tests::snaps_pi_within_tolerance ... ok
test snap_karva::integer_lattice_tests::integer_math_forms_round_trip_as_math ... ok
test snap_karva::integer_lattice_tests::one_is_in_the_lattice ... ok
test snap_karva::integer_lattice_tests::physics_constants_still_win_where_they_should ... ok
test ruleset::rational::tests::scale_and_unscale_by_the_same_literal_cancels ... ok
test snap_karva::tests::concretize_never_rewrites_an_input_variable ... ok
test snap_karva::tests::concretize_replaces_constants_and_only_constants ... ok
test snap_karva::tests::constant_values_has_pi_and_g ... ok
test snap_karva::tests::lattice_loads ... ok
test snap_karva::integer_lattice_tests::small_integers_and_reciprocals_are_present ... ok
test snap_karva::tests::numeric_atoms_extracts ... ok
test ruleset::wide::tests::wide_proves_commutativity_bounded ... ok
test snap_karva::tests::snaps_quarter_pi_coefficient ... ok
test snap_karva::tests::no_snap_leaves_expr_alone ... ok
test ruleset::trig::tests::sin_of_asin_and_cos_of_acos_are_the_argument ... ok
test lint::tests::never_folds_an_input ... ok
test evolve::write_back::tests::snap_winners_runs_in_a_fit_and_every_written_gene_decodes ... ok
test ruleset::trig::tests::pow4_and_distribution_sound ... ok
test ruleset::sign::tests::sign_rules_are_sound_on_the_evaluator ... ok
test lint::snap_table::tests::the_banded_search_agrees_with_a_scan_of_the_whole_table ... ok
test lint::snap_graft::tests::device::device_large_and_two_dimensional_batches_match ... ok
test lint::snap_table::tests::device_large_batches_match ... ok
test lint::tests::shrinks_the_shapes_the_rules_were_mined_for ... ok
test lint::snap_graft::tests::variants_are_among_snap_variants_candidates ... ok
test evolve::vary::tests::the_rules_hold_through_200_generations ... ok
test evolve::vary::tests::no_function_ever_sits_past_the_virtual_head_and_raising_it_changes_no_gene ... ok
test evolve::umap2d::tests::five_thousand_by_six_completes ... ok

test result: ok. 529 passed; 0 failed; 1 ignored; 0 measured; 0 filtered out; finished in 35.86s

     Running unittests src/bin/hff_watch.rs (target/debug/deps/hff_watch-1fa0d62de3d26206)

running 5 tests
test tests::the_dump_carries_the_discoveries_and_the_gene_line ... ok
test tests::an_empty_discoveries_panel_explains_itself ... ok
test tests::the_discoveries_and_the_gene_line_draw_at_both_sizes_and_in_both_themes ... ok
test tests::the_table_gets_its_rows_first_and_the_panel_gets_the_rest ... ok
test tests::a_small_terminal_falls_back_and_never_panics ... ok

test result: ok. 5 passed; 0 failed; 0 ignored; 0 measured; 0 filtered out; finished in 0.87s

     Running unittests src/bin/parity.rs (target/debug/deps/parity-80c937edfd1e129f)

running 0 tests

test result: ok. 0 passed; 0 failed; 0 ignored; 0 measured; 0 filtered out; finished in 0.00s

   Doc-tests fuller

running 0 tests

test result: ok. 0 passed; 0 failed; 0 ignored; 0 measured; 0 filtered out; finished in 0.00s

=== EXIT test: 0 ===
=== cargo clippy --all-targets --features gpu ===
   Compiling proc-macro2 v1.0.106
   Compiling unicode-ident v1.0.24
   Compiling quote v1.0.45
   Compiling libc v0.2.186
    Checking cfg-if v1.0.4
   Compiling autocfg v1.5.1
   Compiling libm v0.2.16
   Compiling serde_core v1.0.229
    Checking allocator-api2 v0.2.21
    Checking foldhash v0.2.0
    Checking equivalent v1.0.2
    Checking bitflags v2.13.2
   Compiling crossbeam-utils v0.8.21
   Compiling zerocopy v0.8.48
    Checking log v0.4.30
   Compiling rustversion v1.0.22
    Checking either v1.16.0
    Checking memchr v2.8.0
    Checking smallvec v1.15.1
    Checking itoa v1.0.18
   Compiling parking_lot_core v0.9.12
   Compiling heck v0.5.0
    Checking scopeguard v1.2.0
   Compiling thiserror v2.0.18
   Compiling paste v1.0.15
    Checking lock_api v0.4.14
    Checking hashbrown v0.17.1
   Compiling getrandom v0.3.4
   Compiling num-traits v0.2.19
    Checking once_cell v1.21.4
   Compiling syn v1.0.109
   Compiling rayon-core v1.13.0
    Checking utf8parse v0.2.2
   Compiling cfg_aliases v0.1.1
   Compiling rustix v1.1.4
   Compiling serde v1.0.229
    Checking crossbeam-epoch v0.9.18
    Checking crossbeam-deque v0.8.6
    Checking anstyle-parse v1.0.0
    Checking ryu v1.0.23
   Compiling strsim v0.11.1
    Checking is_terminal_polyfill v1.70.2
   Compiling ident_case v1.0.1
    Checking colorchoice v1.0.5
   Compiling zmij v1.0.21
    Checking anstyle-query v1.1.5
    Checking anstyle v1.0.14
    Checking anstream v1.0.0
    Checking static_assertions v1.1.0
   Compiling ucd-trie v0.1.7
    Checking indexmap v2.14.0
    Checking hashbrown v0.16.1
   Compiling syn v3.0.6
   Compiling syn v2.0.117
    Checking typenum v1.20.0
   Compiling serde_json v1.0.151
   Compiling pest v2.8.6
    Checking castaway v0.2.4
    Checking errno v0.3.14
    Checking getrandom v0.2.17
    Checking rand_core v0.6.4
    Checking parking_lot v0.12.5
   Compiling matrixmultiply v0.3.10
    Checking itertools v0.14.0
    Checking unicode-segmentation v1.13.3
   Compiling shlex v1.3.0
   Compiling signal-hook v0.3.18
   Compiling darling_core v0.24.1
   Compiling dot-structures v0.1.2
    Checking unicode-width v0.2.2
    Checking clap_lex v1.1.0
   Compiling thiserror v1.0.69
    Checking core-foundation-sys v0.8.7
   Compiling find-msvc-tools v0.1.9
   Compiling getrandom v0.4.2
   Compiling litrs v1.0.0
   Compiling cc v1.2.62
   Compiling thiserror-impl v2.0.18
    Checking num-integer v0.1.46
    Checking num-complex v0.4.6
    Checking rand_core v0.9.5
    Checking num-bigint v0.4.6
   Compiling strum_macros v0.28.0
   Compiling document-features v0.2.12
   Compiling serde_derive v1.0.229
    Checking ppv-lite86 v0.2.21
    Checking rayon v1.12.0
   Compiling bytemuck_derive v1.12.1
    Checking rand_chacha v0.9.0
    Checking num-rational v0.4.2
    Checking rand v0.9.4
    Checking rand_chacha v0.3.1
   Compiling foreign-types-macros v0.2.4
   Compiling thiserror-impl v1.0.69
   Compiling clap_derive v4.6.1
    Checking core-foundation v0.9.4
   Compiling darling_macro v0.24.1
    Checking clap_builder v4.6.0
    Checking bytemuck v1.25.0
   Compiling darling v0.24.1
    Checking strum v0.28.0
    Checking egglog-numeric-id v2.0.0
    Checking unicode-truncate v2.0.1
   Compiling convert_case v0.10.0
   Compiling pest_meta v2.8.6
    Checking signal-hook-registry v1.4.8
    Checking malloc_buf v0.0.6
    Checking arc-swap v1.9.1
    Checking crossbeam-queue v0.3.12
    Checking crossbeam-channel v0.5.15
    Checking compact_str v0.9.1
    Checking lru v0.18.5
    Checking aho-corasick v1.1.4
   Compiling indoc v2.0.7
    Checking rawpointer v0.2.1
    Checking regex-syntax v0.8.10
    Checking bitflags v1.3.2
   Compiling anyhow v1.0.102
    Checking bit-vec v0.6.3
    Checking unicode-width v0.1.14
    Checking critical-section v1.2.0
    Checking foreign-types-shared v0.3.1
    Checking foldhash v0.1.5
    Checking termcolor v1.4.1
    Checking foreign-types v0.5.0
    Checking bit-set v0.5.3
    Checking hashbrown v0.15.5
    Checking codespan-reporting v0.11.1
    Checking core-graphics-types v0.1.3
    Checking regex-automata v0.4.14
   Compiling pest_generator v2.8.6
    Checking egglog-concurrency v2.0.0
    Checking kasuari v0.4.12
    Checking crossbeam v0.8.4
    Checking objc v0.2.7
    Checking clap v4.6.1
   Compiling derive_more-impl v2.1.1
    Checking rand v0.8.6
   Compiling libmimalloc-sys v0.1.49
    Checking num-iter v0.1.45
    Checking approx v0.5.1
   Compiling into-attr v0.1.1
   Compiling dot-generator v0.2.0
    Checking num_threads v0.1.7
    Checking mio v1.2.3
   Compiling wgpu-hal v0.21.1
    Checking unicode-xid v0.2.6
    Checking time-core v0.1.9
    Checking web-time v1.1.0
    Checking fixedbitset v0.5.7
    Checking hashbrown v0.14.5
    Checking deranged v0.5.8
    Checking block v0.1.6
    Checking fastrand v2.4.1
    Checking arrayvec v0.7.8
    Checking powerfmt v0.2.0
    Checking safe_arch v0.7.4
    Checking rustc-hash v2.1.2
    Checking wide v0.7.33
    Checking rustc-hash v1.1.0
    Checking hexf-parse v0.2.1
    Checking num-conv v0.2.2
   Compiling version_check v0.9.5
    Checking dashmap v6.2.1
    Checking regex v1.12.3
    Checking tempfile v3.27.0
    Checking petgraph v0.8.3
   Compiling im-rc v15.1.0
   Compiling instability v0.3.14
    Checking derive_more v2.1.1
    Checking time v0.3.55
    Checking rand_distr v0.4.3
    Checking simba v0.6.0
    Checking ratatui-core v0.1.2
   Compiling into-attr-derive v0.2.1
   Compiling pest_derive v2.8.6
    Checking num v0.4.3
    Checking egglog-union-find v2.0.0
   Compiling nalgebra-macros v0.1.0
    Checking signal-hook-mio v0.2.5
    Checking bitmaps v2.1.0
   Compiling wgpu-core v0.21.1
    Checking line-clipping v0.3.8
    Checking wgpu-types v0.20.0
    Checking libloading v0.8.9
    Checking profiling v1.0.18
    Checking bumpalo v3.20.3
    Checking raw-window-handle v0.6.2
    Checking dyn-clone v1.0.20
    Checking graphviz-rust v0.9.8
    Checking sized-chunks v0.6.5
   Compiling chrono v0.4.44
    Checking env_filter v1.0.1
    Checking rand_xoshiro v0.6.0
   Compiling wgpu v0.20.1
    Checking csv-core v0.1.13
    Checking jiff v0.2.25
    Checking lazy_static v1.5.0
    Checking ordered-float v5.3.0
   Compiling egglog v2.0.0 (/Users/andrewmorgan/Dev/gamakon/fuller-gate-wt/vendor-egglog)
    Checking metal v0.28.0
    Checking egglog-ast v2.0.0
    Checking csv v1.4.0
    Checking ndarray v0.15.6
   Compiling egglog-add-primitive v2.0.0
    Checking egglog-reports v2.0.0
    Checking pollster v0.3.0
    Checking egglog-core-relations v2.0.0
    Checking env_logger v0.11.10
    Checking naga v0.20.0
    Checking egglog-bridge v2.0.0
    Checking crossterm v0.29.0
    Checking ratatui-widgets v0.3.2
    Checking mimalloc v0.1.52
    Checking nalgebra v0.29.0
    Checking ratatui-crossterm v0.1.2
    Checking ratatui-macros v0.7.2
    Checking ratatui v0.30.2
    Checking egraph-serialize v0.3.0
    Checking statrs v0.16.1
    Checking hff v0.1.0 (/Users/andrewmorgan/Dev/gamakon/hff)
    Checking fuller v0.1.0 (/Users/andrewmorgan/Dev/gamakon/fuller-gate-wt)
    Finished `dev` profile [unoptimized + debuginfo] target(s) in 24.42s
=== EXIT clippy: 0 ===
