BUDGET	seed 7014	180 s
POPULATION	800 intake + 400 champion
POPULATION	800 intake + 400 champion
CARD	not written (no telemetry file to sit beside, and no EVOLVE_CARD_OUT)
    gen    secs  head      min_hff      avg_hff    mse_train       r2_train     r2_val_bl2     r2_val_bk3  t_depth   log10_p
   1000      27    34  4.882813e-4  5.574279e-1    5.6667e-5   0.9999931975   0.9999997426              -        2    -17.03
  cohorts 5 alive | c0:390@4.883e-4  c800:40@5.980e-4  c900:128@6.905e-4  c1000:640@8.450e-2  c700:2@4.833e-1
   2000      52    34   0.000000e0  6.012409e-1    3.0146e-5   0.9999963812   0.9999998941              -        2      -inf
  cohorts 4 alive | c0:392@0.000e0  c1800:48@0.000e0  c1900:120@0.000e0  c2000:640@1.032e-1
   3000      76    34   0.000000e0  5.930910e-1    3.0146e-5   0.9999963812   0.9999998941              -        2      -inf
  cohorts 5 alive | c0:391@0.000e0  c2800:44@0.000e0  c2900:124@0.000e0  c3000:640@1.044e-1  c2700:1@1.252e0
   4000     101    34   0.000000e0  5.633995e-1    3.0146e-5   0.9999963812   0.9999998941              -        2      -inf
  cohorts 4 alive | c0:391@0.000e0  c3800:51@0.000e0  c3900:118@0.000e0  c4000:640@9.236e-2
   5000     125    34   0.000000e0  5.310216e-1    3.0146e-5   0.9999963812   0.9999998941              -        2      -inf
  cohorts 4 alive | c0:392@0.000e0  c4800:36@0.000e0  c4900:132@0.000e0  c5000:640@9.110e-2
   6000     149    34   0.000000e0  5.285505e-1    3.0146e-5   0.9999963812   0.9999998941              -        2      -inf
  cohorts 7 alive | c0:389@0.000e0  c5500:14@0.000e0  c5600:7@0.000e0  c5700:21@0.000e0  c5800:47@0.000e0  c5900:82@0.000e0
   7000     174    34   0.000000e0  5.385831e-1    3.0146e-5   0.9999963812   0.9999998941              -        2      -inf
  cohorts 9 alive | c0:388@0.000e0  c6300:6@0.000e0  c6400:5@0.000e0  c6500:6@0.000e0  c6600:19@0.000e0  c6700:20@0.000e0
   7240     180    34   0.000000e0  3.190584e-1    3.0146e-5   0.9999963812   0.9999998941              -        2      -inf
  cohorts 10 alive | c0:388@0.000e0  c6300:6@0.000e0  c6400:2@0.000e0  c6600:8@0.000e0  c6700:4@0.000e0  c6800:6@0.000e0
dataset logs/tsr/data/strogatz_bacres1.tsv
rows: train 180, validation 45, unseen test 75
population 1 x (800+400) = 1200 | 7240 generations in 180.0 s = 24.9 ms per generation | 8689200 individuals = 48271 per second | stopped by time
seconds: variation 0.79 | read-back 56.99 | decode 13.33 | evaluate 38.38 | link+scale+metrics 0.00 | HFF 28.82 | pump 0.86 | cross 0.00
seconds: snap 3.72 (0.008 per beat in the snap step itself)
SNAP	362	108600	6840	6706	4	544	head_oversize=0/no_rnc_slot=0/unmappable_op=6062/not_closed=0/types_do_not_close=42/unchanged=54/model_oversize=0
SNAP_DETAIL	rows=36200	rows_skipped=0	genes_examined=108600	genes_with_nonwhole_literal=15262	literals_offered=15301	literals_matched=6840	by_family=Pi=303/E=6166/Root=92/Rational=105/Physical=148/Other=26	band_overflows=0	kept_by_device=6706	refused_by_f64=4	written_back=544	rows_changed=537	seconds_per_beat=0.0077
seconds: fold 15.78 (0.040 per beat in the fold step itself)
FOLD	beats=362	rows=36200	rows_changed=1754	genes=108600	subtrees=293532	flat=1766	folded=1763	nodes_saved=9982	secs=14.472	not_finite=101/unrepresentable=3/passes_variation=11803/no_rnc_slot=0/no_landing=0/relevel_refused=0
seconds: beam 8.72 (0.024 per beat)
BEAM	362	4344	0	-8.30	-8.30	8.72
BEAM_WRAPS	4344	grafted 0	kept 0	graft refused 0	better/refused per wrap: recip_1=0/0 x_over_expm1=0/0 recip_sqrt_1m=0/651 recip_1m=0/0
BEAM_FLOAT	0	0
genes evaluated 6884839 (unique per generation), over the 64-node limit 0
TYPED	ceiling=2	refused=977802	depths=0:1702 1:490 2:1215 3:133 4:30 5:18 6:10 7:1 8:1
1 - R²: train 3.611e-6, validation 1.056e-7
FOLD	31	3574.095195155	(146.45647630033756*sqrt((-((((x_0 - sqrt(exp(15.0))) + (((tanh(log(x_0))*x_1) + x_0)/x_0)) + (…
model: ((146.45647630033756*sqrt((-((((x_0 - 1808.0424144560632) + (((tanh(log(x_0))*x_1) + x_0)/x_0)) + (((tanh(log(x_0))*x_1) + x_0)/x_0))/3.0)))) + (-3573.499888962119))
GENERATIONS	7240	time	1.056e-7
HFF	0.000329	3.611e-6	1.056e-7	-
MSE	3.008e-5	3.388e-7	-
TOWER	2	reported only
PVALUE	1.315e-18	-17.88	6
GENES	6884839	0	8689200
MODEL_INFIX	((146.45647630033756*sqrt((-((((x_0 - 1808.0424144560632) + (((tanh(log(x_0))*x_1) + x_0)/x_0)) + (((tanh(log(x_0))*x_1) + x_0)/x_0))/3.0)))) + (-3573.499888962119))
MODEL_PLAIN	((146.45647630033756*sqrt((-((((x_0 - 1808.0424144560632) + (((tanh(log(x_0))*x_1) + x_0)/x_0)) + (((tanh(log(x_0))*x_1) + x_0)/x_0))/3.0)))) + (-3573.499888962119))
RAW_MATH	(Add (Mul (Num 146.45647630033756) (Sqrt (Abs (Div (Add (Add (Sub (Var "x_0") (ProtectedSqrt (ProtectedExp (Num 15.0)))) (ProtectedDiv (Add (Mul (Tanh (ProtectedLog (Var "x_0"))) (Var "x_1")) (Var "x_0")) (Var "x_0"))) (ProtectedDiv (Add (Mul (Tanh (ProtectedLog (Var "x_0"))) (Var "x_1")) (Var "x_0")) (Var "x_0"))) (Num 3.0))))) (Num -3573.499888962119))
R² on the unseen test rows: 1.000000
