BUDGET	seed 7014	1800 s
SMOGD	316	rows from 300 real rows in 0.1 s, noise x1
SMOTE	316	rows from 300 real rows in 0.0 s
POPULATION	800 intake + 400 champion
CARD	written /Users/andrewmorgan/dev/gamakon/fuller/logs/bacres1_fixed/card.json	id bacres1_fixed	9 HFF objectives
CARD	written /Users/andrewmorgan/dev/gamakon/fuller/logs/cards/bacres1_fixed.json	id bacres1_fixed	9 HFF objectives
    gen    secs  head      min_hff      avg_hff    mse_train       r2_train     r2_val_bl2     r2_val_bk3  t_depth   log10_p
    500      16    34  2.946632e-2  4.960592e-1    6.6756e-5   0.9999892686   0.9999972005   0.9870644249        3    -12.81
  cohorts 4 alive | c400:143@2.947e-2  c0:386@2.947e-2  c300:31@2.948e-2  c500:640@1.099e-1
   1000      34    34  2.932640e-2  5.489838e-1    6.6202e-5   0.9999893576   0.9999978483   0.9870617408        4    -12.83
  cohorts 9 alive | c0:386@2.933e-2  c400:5@2.933e-2  c600:7@2.933e-2  c800:24@2.933e-2  c900:119@2.933e-2  c700:15@2.946e-2
   1500      51    34  2.931827e-2  5.830652e-1    5.8930e-5   0.9999905266   0.9999979183   0.9870634675        6    -12.83
  cohorts 8 alive | c0:387@2.932e-2  c400:4@2.933e-2  c1200:21@3.410e-2  c1300:49@3.410e-2  c1100:5@3.438e-2  c1400:93@4.950e-2
   2000      69    34  2.931827e-2  6.031773e-1    5.8930e-5   0.9999905266   0.9999979183   0.9870634675        6    -12.83
  cohorts 9 alive | c0:386@2.932e-2  c400:4@2.933e-2  c1900:107@4.381e-2  c1800:55@4.779e-2  c2000:640@1.197e-1  c1700:2@1.354e-1
   2500      87    34  2.931420e-2  5.663536e-1    5.8646e-5   0.9999905723   0.9999979903   0.9870640999        6    -12.83
  cohorts 10 alive | c0:387@2.931e-2  c400:4@2.933e-2  c2100:5@3.177e-2  c2300:13@3.177e-2  c2200:11@3.309e-2  c1900:3@3.908e-2
   3000     104    34  2.931420e-2  5.911719e-1    5.8646e-5   0.9999905723   0.9999979903   0.9870640999        6    -12.83
  cohorts 10 alive | c0:387@2.931e-2  c400:4@2.933e-2  c2700:14@3.413e-2  c2800:33@3.413e-2  c2600:9@3.414e-2  c2900:108@3.722e-2
   3500     121    34  2.928775e-2  5.684942e-1    5.6509e-5   0.9999909158   0.9999970034   0.9870896246        7    -12.83
  cohorts 8 alive | c0:388@2.929e-2  c400:4@2.929e-2  c3200:7@2.932e-2  c3300:11@2.932e-2  c3100:4@2.938e-2  c3400:145@2.990e-2
   4000     139    34  2.928368e-2  5.446223e-1    5.6125e-5   0.9999909776   0.9999972138   0.9870867627        7    -12.83
  cohorts 9 alive | c0:387@2.928e-2  c400:4@2.929e-2  c3800:35@2.973e-2  c3600:5@2.996e-2  c3700:10@2.996e-2  c3500:3@3.033e-2
   4500     155    34  2.928368e-2  5.623970e-1    5.6125e-5   0.9999909776   0.9999972138   0.9870867627        7    -12.83
  cohorts 10 alive | c0:387@2.928e-2  c400:4@2.929e-2  c4100:7@2.938e-2  c4200:13@2.938e-2  c4400:111@2.938e-2  c4000:5@2.940e-2
   5000     173    34  2.928368e-2  5.508073e-1    5.6125e-5   0.9999909776   0.9999972138   0.9870867627        7    -12.83
  cohorts 12 alive | c0:387@2.928e-2  c400:4@2.929e-2  c4700:20@2.956e-2  c4800:32@2.956e-2  c4500:6@2.957e-2  c4600:8@3.315e-2
   5500     190    34  2.928368e-2  5.735034e-1    5.6125e-5   0.9999909776   0.9999972138   0.9870867627        7    -12.83
  cohorts 10 alive | c0:387@2.928e-2  c400:4@2.929e-2  c5300:20@2.932e-2  c5400:129@2.985e-2  c5100:10@2.986e-2  c5200:6@2.986e-2
   6000     208    34  2.928368e-2  5.566123e-1    5.6125e-5   0.9999909776   0.9999972138   0.9870867627        7    -12.83
  cohorts 9 alive | c0:387@2.928e-2  c400:4@2.929e-2  c5600:6@2.940e-2  c5700:22@2.940e-2  c5800:39@2.940e-2  c3400:1@3.321e-2
   6500     225    34  2.928368e-2  5.610463e-1    5.6125e-5   0.9999909776   0.9999972138   0.9870867627        7    -12.83
  cohorts 12 alive | c0:387@2.928e-2  c400:4@2.929e-2  c5900:3@2.954e-2  c6000:5@2.954e-2  c6100:7@2.954e-2  c6200:12@2.954e-2
   7000     243    34  2.928368e-2  5.614623e-1    5.6125e-5   0.9999909776   0.9999972138   0.9870867627        7    -12.83
  cohorts 10 alive | c0:387@2.928e-2  c400:4@2.929e-2  c6600:6@2.971e-2  c6700:17@2.971e-2  c6800:40@2.971e-2  c6500:4@3.299e-2
   7500     260    34  2.927350e-2  5.648984e-1    5.9510e-5   0.9999904335   0.9999963851   0.9871135913        7    -12.83
  cohorts 10 alive | c0:387@2.927e-2  c400:4@2.929e-2  c7000:3@3.008e-2  c7100:7@3.008e-2  c7200:11@3.008e-2  c7300:34@3.008e-2
   8000     277    34  2.927350e-2  5.509473e-1    5.9510e-5   0.9999904335   0.9999963851   0.9871135913        7    -12.83
  cohorts 10 alive | c0:387@2.927e-2  c400:4@2.929e-2  c7700:18@3.434e-2  c7800:75@3.434e-2  c7600:6@4.258e-2  c7300:2@4.661e-2
   8500     295    34  2.920010e-2  5.544375e-1    9.6793e-9   0.9999999984   0.9999999999   0.9869954716        2    -12.84
  cohorts 10 alive | c400:4@2.920e-2  c8200:14@2.920e-2  c8300:38@2.920e-2  c8400:112@2.920e-2  c0:387@2.927e-2  c8000:1@1.026e-1
   9000     313    34  2.763734e-2  5.877523e-1    3.4686e-6   0.9999994424   0.9999999948   0.9893062236        4    -13.03
  cohorts 6 alive | c8300:386@2.764e-2  c8700:39@2.767e-2  c8800:36@2.767e-2  c8900:98@3.464e-2  c9000:640@1.011e-1  c8600:1@1.305e0
   9500     331    34  2.703547e-2  5.776003e-1   2.1275e-12   1.0000000000   1.0000000000   0.9897308005        4    -13.11
  cohorts 10 alive | c8300:386@2.704e-2  c8700:5@2.704e-2  c9000:5@2.704e-2  c9200:11@2.704e-2  c9300:45@2.704e-2  c8600:1@2.920e-2
  10000     348    34  2.667588e-2  5.617878e-1   5.7077e-13   1.0000000000   1.0000000000   0.9898580629        3    -13.15
  cohorts 6 alive | c9700:39@2.668e-2  c9800:14@2.668e-2  c9900:121@2.668e-2  c8300:308@2.675e-2  c9600:78@2.675e-2  c10000:640@8.856e-2
  10500     366    34  2.654595e-2  6.074543e-1    1.4113e-7   0.9999999773   0.9999999950   0.9898776710        3    -13.17
  cohorts 8 alive | c8300:386@2.655e-2  c10100:8@2.655e-2  c10200:7@2.667e-2  c10400:135@2.667e-2  c10300:18@2.920e-2  c9900:2@2.920e-2
  11000     383    34  2.654371e-2  6.301311e-1    1.3660e-7   0.9999999780   0.9999999951   0.9898776757        3    -13.17
  cohorts 11 alive | c8300:386@2.654e-2  c10100:4@2.655e-2  c10400:5@2.673e-2  c10600:7@2.673e-2  c10700:12@2.673e-2  c10800:30@2.673e-2
  11500     400    34  2.654371e-2  6.090971e-1    1.3660e-7   0.9999999780   0.9999999951   0.9898776757        3    -13.17
  cohorts 12 alive | c8300:386@2.654e-2  c10100:4@2.655e-2  c10900:4@2.675e-2  c11100:17@2.675e-2  c11200:17@2.675e-2  c11300:39@2.675e-2
  12000     418    34  2.632949e-2  5.679659e-1   2.2355e-12   1.0000000000   1.0000000000   0.9900248898        5    -13.20
  cohorts 11 alive | c10100:4@2.633e-2  c11600:5@2.633e-2  c11700:11@2.633e-2  c11800:21@2.633e-2  c11900:126@2.633e-2  c8300:386@2.636e-2
  12500     435    34  2.566452e-2  5.337389e-1   2.2355e-12   1.0000000000   1.0000000000   0.9908866603        5    -13.29
  cohorts 11 alive | c8300:386@2.566e-2  c10100:2@2.566e-2  c12100:16@2.566e-2  c12200:16@2.674e-2  c12300:38@2.674e-2  c12000:4@2.817e-2
  13000     452    34  2.566452e-2  5.607162e-1   2.2355e-12   1.0000000000   1.0000000000   0.9908866603        5    -13.29
  cohorts 13 alive | c8300:386@2.566e-2  c10100:2@2.566e-2  c12100:6@2.566e-2  c12200:2@2.676e-2  c12400:4@2.676e-2  c12500:5@2.676e-2
  13500     469    34  2.566220e-2  6.251509e-1    1.3727e-8   0.9999999978   0.9999999998   0.9908865169        5    -13.29
  cohorts 13 alive | c8300:386@2.566e-2  c10100:2@2.566e-2  c12100:2@2.566e-2  c12900:4@2.676e-2  c13000:3@2.676e-2  c13100:3@2.676e-2
  14000     487    34  2.537957e-2  5.363935e-1   2.2355e-12   1.0000000000   1.0000000000   0.9914855398        5    -13.33
  cohorts 12 alive | c8300:386@2.538e-2  c12100:2@2.538e-2  c13600:9@2.538e-2  c13300:3@2.679e-2  c13500:3@2.679e-2  c13700:14@2.679e-2
  14500     504    34  2.537957e-2  5.484208e-1   2.2355e-12   1.0000000000   1.0000000000   0.9914855398        5    -13.33
  cohorts 15 alive | c8300:386@2.538e-2  c12100:2@2.538e-2  c13600:2@2.538e-2  c14000:4@2.547e-2  c14200:14@2.547e-2  c14300:27@2.547e-2
  15000     521    34  2.537957e-2  5.376027e-1   2.2355e-12   1.0000000000   1.0000000000   0.9914855398        5    -13.33
  cohorts 13 alive | c8300:386@2.538e-2  c12100:2@2.538e-2  c13600:2@2.538e-2  c14600:11@2.666e-2  c14700:24@2.666e-2  c14800:40@2.666e-2
  15500     539    34  2.537957e-2  5.400208e-1   2.2355e-12   1.0000000000   1.0000000000   0.9914855398        5    -13.33
  cohorts 15 alive | c8300:386@2.538e-2  c12100:2@2.538e-2  c13600:2@2.538e-2  c14900:5@2.673e-2  c15000:6@2.673e-2  c15100:9@2.673e-2
  16000     556    34  2.537957e-2  5.346629e-1   2.2355e-12   1.0000000000   1.0000000000   0.9914855398        5    -13.33
  cohorts 14 alive | c8300:386@2.538e-2  c12100:2@2.538e-2  c13600:2@2.538e-2  c15600:5@2.673e-2  c15700:18@2.673e-2  c15800:34@2.673e-2
  16500     574    34  2.537957e-2  5.311121e-1   2.2355e-12   1.0000000000   1.0000000000   0.9914855398        5    -13.33
  cohorts 14 alive | c8300:386@2.538e-2  c12100:2@2.538e-2  c13600:2@2.538e-2  c16100:5@2.673e-2  c16200:17@2.673e-2  c16300:36@2.673e-2
  17000     591    34  2.537957e-2  5.198997e-1   2.2355e-12   1.0000000000   1.0000000000   0.9914855398        5    -13.33
  cohorts 13 alive | c8300:386@2.538e-2  c12100:2@2.538e-2  c13600:2@2.538e-2  c16400:4@2.668e-2  c16500:4@2.668e-2  c16600:11@2.668e-2
  17500     609    34  2.537957e-2  5.565190e-1   2.2355e-12   1.0000000000   1.0000000000   0.9914855398        5    -13.33
  cohorts 12 alive | c8300:386@2.538e-2  c12100:2@2.538e-2  c13600:2@2.538e-2  c17000:6@2.861e-2  c17100:6@2.861e-2  c17200:20@2.861e-2
  18000     626    34  2.537957e-2  5.687871e-1   2.2355e-12   1.0000000000   1.0000000000   0.9914855398        5    -13.33
  cohorts 11 alive | c8300:386@2.538e-2  c12100:2@2.538e-2  c13600:2@2.538e-2  c17600:7@2.768e-2  c17800:39@2.768e-2  c17500:2@2.815e-2
  18500     644    34  2.490299e-2  5.830298e-1   2.1718e-11   1.0000000000   1.0000000000   0.9916701708        2    -13.39
  cohorts 11 alive | c8300:386@2.490e-2  c13600:2@2.490e-2  c18200:12@2.490e-2  c18100:6@2.528e-2  c18300:40@2.528e-2  c17900:4@2.549e-2
  19000     662    34  2.490299e-2  5.615077e-1   2.1718e-11   1.0000000000   1.0000000000   0.9916701708        2    -13.39
  cohorts 13 alive | c8300:386@2.490e-2  c13600:2@2.490e-2  c18200:2@2.490e-2  c18500:5@2.549e-2  c18600:8@2.549e-2  c18700:17@2.549e-2
  19500     680    34  2.490299e-2  6.122456e-1   2.1718e-11   1.0000000000   1.0000000000   0.9916701708        2    -13.39
  cohorts 12 alive | c8300:386@2.490e-2  c13600:2@2.490e-2  c18200:2@2.490e-2  c18900:5@2.920e-2  c19100:10@2.920e-2  c19200:14@2.920e-2
  20000     697    34  2.490299e-2  5.968995e-1   2.1718e-11   1.0000000000   1.0000000000   0.9916701708        2    -13.39
  cohorts 12 alive | c8300:386@2.490e-2  c13600:2@2.490e-2  c18200:2@2.490e-2  c19600:5@2.692e-2  c19700:15@2.692e-2  c19800:39@2.692e-2
  20500     715    34  2.489581e-2  5.760211e-1   1.8859e-12   1.0000000000   1.0000000000   0.9916706299        2    -13.39
  cohorts 13 alive | c8300:386@2.490e-2  c13600:2@2.490e-2  c18200:2@2.490e-2  c20200:17@2.667e-2  c20300:39@2.667e-2  c20100:9@2.823e-2
  21000     735    34  2.489581e-2  6.002838e-1   1.8859e-12   1.0000000000   1.0000000000   0.9916706299        2    -13.39
  cohorts 12 alive | c8300:386@2.490e-2  c13600:2@2.490e-2  c18200:2@2.490e-2  c20400:3@2.682e-2  c20500:5@2.682e-2  c20600:7@2.682e-2
  21500     756    34  2.489581e-2  5.567751e-1   1.8859e-12   1.0000000000   1.0000000000   0.9916706299        2    -13.39
  cohorts 14 alive | c8300:386@2.490e-2  c13600:2@2.490e-2  c18200:2@2.490e-2  c21200:11@2.490e-2  c21400:131@2.490e-2  c21000:3@2.549e-2
  22000     773    34  2.438780e-2  5.662047e-1   2.1718e-11   1.0000000000   1.0000000000   0.9924952169        2    -13.47
  cohorts 11 alive | c8300:386@2.439e-2  c21200:2@2.439e-2  c21400:4@2.439e-2  c21500:3@3.047e-2  c21600:14@3.047e-2  c21700:22@3.047e-2
  22500     789    34  2.433152e-2  5.764414e-1   2.1718e-11   1.0000000000   1.0000000000   0.9925145288        3    -13.47
  cohorts 12 alive | c8300:386@2.433e-2  c21200:2@2.433e-2  c21400:2@2.433e-2  c22100:8@2.549e-2  c22200:26@2.549e-2  c22300:48@2.549e-2
  23000     806    34  2.425545e-2  6.031349e-1   2.8102e-11   1.0000000000   1.0000000000   0.9925307645        3    -13.48
  cohorts 13 alive | c8300:386@2.426e-2  c21400:2@2.426e-2  c22500:7@2.426e-2  c22600:7@2.879e-2  c22700:16@2.879e-2  c22800:35@2.879e-2
